Archive member included to satisfy reference by file (symbol)

C:/Users/ameri/.pico-sdk/toolchain/14_2_Rel1/bin/../lib/gcc/arm-none-eabi/14.2.1/thumb/v6-m/nofp\libgcc.a(_dvmd_tls.o)
                              CMakeFiles/Audio_Beep_Synth_Single_Core.dir/C_/Users/ameri/.pico-sdk/sdk/2.2.0/src/rp2_common/pico_divider/divider_hardware.S.obj (__aeabi_idiv0)
C:/Users/ameri/.pico-sdk/toolchain/14_2_Rel1/bin/../lib/gcc/arm-none-eabi/14.2.1/thumb/v6-m/nofp\libg.a(libc_a-calloc.o)
                              CMakeFiles/Audio_Beep_Synth_Single_Core.dir/C_/Users/ameri/.pico-sdk/sdk/2.2.0/src/rp2_common/pico_malloc/malloc.c.obj (calloc)
C:/Users/ameri/.pico-sdk/toolchain/14_2_Rel1/bin/../lib/gcc/arm-none-eabi/14.2.1/thumb/v6-m/nofp\libg.a(libc_a-callocr.o)
                              C:/Users/ameri/.pico-sdk/toolchain/14_2_Rel1/bin/../lib/gcc/arm-none-eabi/14.2.1/thumb/v6-m/nofp\libg.a(libc_a-calloc.o) (_calloc_r)
C:/Users/ameri/.pico-sdk/toolchain/14_2_Rel1/bin/../lib/gcc/arm-none-eabi/14.2.1/thumb/v6-m/nofp\libg.a(libc_a-malloc.o)
                              CMakeFiles/Audio_Beep_Synth_Single_Core.dir/C_/Users/ameri/.pico-sdk/sdk/2.2.0/src/rp2_common/pico_malloc/malloc.c.obj (malloc)
C:/Users/ameri/.pico-sdk/toolchain/14_2_Rel1/bin/../lib/gcc/arm-none-eabi/14.2.1/thumb/v6-m/nofp\libg.a(libc_a-mallocr.o)
                              C:/Users/ameri/.pico-sdk/toolchain/14_2_Rel1/bin/../lib/gcc/arm-none-eabi/14.2.1/thumb/v6-m/nofp\libg.a(libc_a-callocr.o) (_malloc_r)
C:/Users/ameri/.pico-sdk/toolchain/14_2_Rel1/bin/../lib/gcc/arm-none-eabi/14.2.1/thumb/v6-m/nofp\libg.a(libc_a-mlock.o)
                              C:/Users/ameri/.pico-sdk/toolchain/14_2_Rel1/bin/../lib/gcc/arm-none-eabi/14.2.1/thumb/v6-m/nofp\libg.a(libc_a-mallocr.o) (__malloc_lock)
C:/Users/ameri/.pico-sdk/toolchain/14_2_Rel1/bin/../lib/gcc/arm-none-eabi/14.2.1/thumb/v6-m/nofp\libg.a(libc_a-realloc.o)
                              CMakeFiles/Audio_Beep_Synth_Single_Core.dir/C_/Users/ameri/.pico-sdk/sdk/2.2.0/src/rp2_common/pico_malloc/malloc.c.obj (realloc)
C:/Users/ameri/.pico-sdk/toolchain/14_2_Rel1/bin/../lib/gcc/arm-none-eabi/14.2.1/thumb/v6-m/nofp\libg.a(libc_a-reallocr.o)
                              C:/Users/ameri/.pico-sdk/toolchain/14_2_Rel1/bin/../lib/gcc/arm-none-eabi/14.2.1/thumb/v6-m/nofp\libg.a(libc_a-realloc.o) (_realloc_r)
C:/Users/ameri/.pico-sdk/toolchain/14_2_Rel1/bin/../lib/gcc/arm-none-eabi/14.2.1/thumb/v6-m/nofp\libg.a(libc_a-memcmp.o)
                              CMakeFiles/Audio_Beep_Synth_Single_Core.dir/C_/Users/ameri/.pico-sdk/sdk/2.2.0/src/rp2_common/pico_atomic/atomic.c.obj (memcmp)
C:/Users/ameri/.pico-sdk/toolchain/14_2_Rel1/bin/../lib/gcc/arm-none-eabi/14.2.1/thumb/v6-m/nofp\libg.a(libc_a-memmove.o)
                              C:/Users/ameri/.pico-sdk/toolchain/14_2_Rel1/bin/../lib/gcc/arm-none-eabi/14.2.1/thumb/v6-m/nofp\libg.a(libc_a-reallocr.o) (memmove)
C:/Users/ameri/.pico-sdk/toolchain/14_2_Rel1/bin/../lib/gcc/arm-none-eabi/14.2.1/thumb/v6-m/nofp\libg.a(libc_a-lcltime_r.o)
                              CMakeFiles/Audio_Beep_Synth_Single_Core.dir/C_/Users/ameri/.pico-sdk/sdk/2.2.0/src/common/pico_util/datetime.c.obj (localtime_r)
C:/Users/ameri/.pico-sdk/toolchain/14_2_Rel1/bin/../lib/gcc/arm-none-eabi/14.2.1/thumb/v6-m/nofp\libg.a(libc_a-mktime.o)
                              CMakeFiles/Audio_Beep_Synth_Single_Core.dir/C_/Users/ameri/.pico-sdk/sdk/2.2.0/src/common/pico_util/datetime.c.obj (mktime)
C:/Users/ameri/.pico-sdk/toolchain/14_2_Rel1/bin/../lib/gcc/arm-none-eabi/14.2.1/thumb/v6-m/nofp\libg.a(libc_a-month_lengths.o)
                              C:/Users/ameri/.pico-sdk/toolchain/14_2_Rel1/bin/../lib/gcc/arm-none-eabi/14.2.1/thumb/v6-m/nofp\libg.a(libc_a-lcltime_r.o) (__month_lengths)
C:/Users/ameri/.pico-sdk/toolchain/14_2_Rel1/bin/../lib/gcc/arm-none-eabi/14.2.1/thumb/v6-m/nofp\libg.a(libc_a-tzcalc_limits.o)
                              C:/Users/ameri/.pico-sdk/toolchain/14_2_Rel1/bin/../lib/gcc/arm-none-eabi/14.2.1/thumb/v6-m/nofp\libg.a(libc_a-lcltime_r.o) (__tzcalc_limits)
C:/Users/ameri/.pico-sdk/toolchain/14_2_Rel1/bin/../lib/gcc/arm-none-eabi/14.2.1/thumb/v6-m/nofp\libg.a(libc_a-tzlock.o)
                              C:/Users/ameri/.pico-sdk/toolchain/14_2_Rel1/bin/../lib/gcc/arm-none-eabi/14.2.1/thumb/v6-m/nofp\libg.a(libc_a-lcltime_r.o) (__tz_lock)
C:/Users/ameri/.pico-sdk/toolchain/14_2_Rel1/bin/../lib/gcc/arm-none-eabi/14.2.1/thumb/v6-m/nofp\libg.a(libc_a-tzset.o)
                              C:/Users/ameri/.pico-sdk/toolchain/14_2_Rel1/bin/../lib/gcc/arm-none-eabi/14.2.1/thumb/v6-m/nofp\libg.a(libc_a-lcltime_r.o) (_tzset_unlocked)
C:/Users/ameri/.pico-sdk/toolchain/14_2_Rel1/bin/../lib/gcc/arm-none-eabi/14.2.1/thumb/v6-m/nofp\libg.a(libc_a-tzset_r.o)
                              C:/Users/ameri/.pico-sdk/toolchain/14_2_Rel1/bin/../lib/gcc/arm-none-eabi/14.2.1/thumb/v6-m/nofp\libg.a(libc_a-tzset.o) (_tzset_unlocked_r)
[...]
Memory Configuration

Name             Origin             Length             Attributes
FLASH            0x10000000         0x00200000         xr
RAM              0x20000000         0x00040000         xrw
SCRATCH_X        0x20040000         0x00001000         xrw
SCRATCH_Y        0x20041000         0x00001000         xrw
*default*        0x00000000         0xffffffff

Linker script and memory map

LOAD C:/Users/ameri/.pico-sdk/toolchain/14_2_Rel1/bin/../lib/gcc/arm-none-eabi/14.2.1/thumb/v6-m/nofp/crti.o
LOAD C:/Users/ameri/.pico-sdk/toolchain/14_2_Rel1/bin/../lib/gcc/arm-none-eabi/14.2.1/thumb/v6-m/nofp/crtbegin.o
LOAD C:/Users/ameri/.pico-sdk/toolchain/14_2_Rel1/bin/../lib/gcc/arm-none-eabi/14.2.1/thumb/v6-m/nofp/crt0.o

.flash_begin    0x10000000        0x0
                0x10000000                        __flash_binary_start = .

.boot2          0x10000000      0x100
                0x10000000                        __boot2_start__ = .
 *(.boot2)
 .boot2         0x10000000      0x100 pico-sdk/src/rp2040/boot_stage2/CMakeFiles/bs2_default_library.dir/./bs2_default_padded_checksummed.S.obj
                0x10000100                        __boot2_end__ = .
                0x00000001                        ASSERT (((__boot2_end__ - __boot2_start__) == 0x100), ERROR: Pico second stage bootloader must be 256 bytes in size)

.text           0x10000100     0x4c0c
                0x10000100                        __logical_binary_start = .
 *(.vectors)
 .vectors       0x10000100       0xd4 CMakeFiles/Audio_Beep_Synth_Single_Core.dir/C_/Users/ameri/.pico-sdk/sdk/2.2.0/src/rp2_common/pico_crt0/crt0.S.obj
                0x10000100                __VECTOR_TABLE
                0x10000100                __vectors
                0x100001c0                isr_irq13
                0x100001c0                isr_irq27
                0x100001c0                isr_irq31
                0x100001c0                isr_irq12
                0x100001c0                isr_irq5
                0x100001c0                isr_irq11
                0x100001c0                isr_irq3
                0x100001c0                isr_irq23
                0x100001c0                __unhandled_user_irq
                0x100001c0                isr_irq26
                0x100001c0                isr_irq28
                0x100001c0                isr_irq19
                0x100001c0                isr_irq0
                0x100001c0                isr_irq6
                0x100001c0                isr_irq29
                0x100001c0                isr_irq16
                0x100001c0                isr_irq22
                0x100001c0                isr_irq18
                0x100001c0                isr_irq17
                0x100001c0                isr_irq14
                0x100001c0                __vectors_end
                0x100001c0                __default_isrs_start
                0x100001c0                isr_irq2
                0x100001c0                isr_irq10
                0x100001c0                isr_irq8
                0x100001c0                isr_irq24
                0x100001c0                isr_irq1
                0x100001c0                isr_irq7
                0x100001c0                isr_irq21
                0x100001c0                isr_irq20
                0x100001c0                isr_irq15
                0x100001c0                isr_irq25
                0x100001c0                isr_irq4
                0x100001c0                isr_irq30
                0x100001c0                isr_irq9
                0x100001c6                unhandled_user_irq_num_in_r0
                0x100001c8                isr_invalid
                0x100001ca                isr_nmi
                0x100001cc                isr_hardfault
                0x100001ce                isr_svcall
                0x100001d0                isr_pendsv
                0x100001d2                isr_systick
                0x100001d4                __default_isrs_end
 *(.binary_info_header)
 .binary_info_header
                0x100001d4       0x14 CMakeFiles/Audio_Beep_Synth_Single_Core.dir/C_/Users/ameri/.pico-sdk/sdk/2.2.0/src/rp2_common/pico_crt0/crt0.S.obj
                0x100001e8                        __binary_info_header_end = .
 *(.embedded_block)
                0x100001e8                        __embedded_block_end = .
 *(.reset)
 .reset         0x100001e8       0x9c CMakeFiles/Audio_Beep_Synth_Single_Core.dir/C_/Users/ameri/.pico-sdk/sdk/2.2.0/src/rp2_common/pico_crt0/crt0.S.obj
                0x100001e8                _entry_point
 *(.init)
 .init          0x10000284        0x4 C:/Users/ameri/.pico-sdk/toolchain/14_2_Rel1/bin/../lib/gcc/arm-none-eabi/14.2.1/thumb/v6-m/nofp/crti.o
                0x10000284                _init
 *(EXCLUDE_FILE(*libm.a: *libc.a:*lib_a-mem*.o *libgcc.a:) .text*)
 .text.register_tm_clones
                0x10000288       0x28 C:/Users/ameri/.pico-sdk/toolchain/14_2_Rel1/bin/../lib/gcc/arm-none-eabi/14.2.1/thumb/v6-m/nofp/crtbegin.o
 .text.frame_dummy
                0x100002b0       0x24 C:/Users/ameri/.pico-sdk/toolchain/14_2_Rel1/bin/../lib/gcc/arm-none-eabi/14.2.1/thumb/v6-m/nofp/crtbegin.o
 .text.alarm_irq
                0x100002d4      0x1b4 CMakeFiles/Audio_Beep_Synth_Single_Core.dir/beep_beep_2.c.obj
 .text.protothread_debouncy_boi
                0x10000488      0x274 CMakeFiles/Audio_Beep_Synth_Single_Core.dir/beep_beep_2.c.obj
 .text.protothread_sched1
                0x100006fc       0xf8 CMakeFiles/Audio_Beep_Synth_Single_Core.dir/beep_beep_2.c.obj
 .text.protothread_sched
                0x100007f4       0xf8 CMakeFiles/Audio_Beep_Synth_Single_Core.dir/beep_beep_2.c.obj
 .text.protothread_led_blink
                0x100008ec       0x90 CMakeFiles/Audio_Beep_Synth_Single_Core.dir/beep_beep_2.c.obj
 .text.set_sys_clock_khz
                0x1000097c       0x3c CMakeFiles/Audio_Beep_Synth_Single_Core.dir/beep_beep_2.c.obj
 .text.channel_config_set_chain_to
                0x100009b8       0x34 CMakeFiles/Audio_Beep_Synth_Single_Core.dir/beep_beep_2.c.obj
 .text.dma_channel_get_default_config
                0x100009ec       0x74 CMakeFiles/Audio_Beep_Synth_Single_Core.dir/beep_beep_2.c.obj
 .text.channel_config_set_dreq
                0x10000a60       0x34 CMakeFiles/Audio_Beep_Synth_Single_Core.dir/beep_beep_2.c.obj
 .text.pt_add   0x10000a94       0x38 CMakeFiles/Audio_Beep_Synth_Single_Core.dir/beep_beep_2.c.obj
                0x10000a94                pt_add
 .text.pt_add1  0x10000acc       0x38 CMakeFiles/Audio_Beep_Synth_Single_Core.dir/beep_beep_2.c.obj
                0x10000acc                pt_add1
 .text.core1_entry
                0x10000b04       0x48 CMakeFiles/Audio_Beep_Synth_Single_Core.dir/beep_beep_2.c.obj
                0x10000b04                core1_entry
 .text.main     0x10000b4c      0x1cc CMakeFiles/Audio_Beep_Synth_Single_Core.dir/beep_beep_2.c.obj
                0x10000b4c                main
 .text.gpio_set_function
                0x10000d18       0x34 CMakeFiles/Audio_Beep_Synth_Single_Core.dir/C_/Users/ameri/.pico-sdk/sdk/2.2.0/src/rp2_common/hardware_gpio/gpio.c.obj
                0x10000d18                gpio_set_function
 .text.gpio_set_pulls
                0x10000d4c       0x38 CMakeFiles/Audio_Beep_Synth_Single_Core.dir/C_/Users/ameri/.pico-sdk/sdk/2.2.0/src/rp2_common/hardware_gpio/gpio.c.obj
                0x10000d4c                gpio_set_pulls
 .text.gpio_init
                0x10000d84       0x16 CMakeFiles/Audio_Beep_Synth_Single_Core.dir/C_/Users/ameri/.pico-sdk/sdk/2.2.0/src/rp2_common/hardware_gpio/gpio.c.obj
                0x10000d84                gpio_init
 .text.gpio_init_mask
                0x10000d9a       0x1e CMakeFiles/Audio_Beep_Synth_Single_Core.dir/C_/Users/ameri/.pico-sdk/sdk/2.2.0/src/rp2_common/hardware_gpio/gpio.c.obj
                0x10000d9a                gpio_init_mask
 .text.panic    0x10000db8       0x30 CMakeFiles/Audio_Beep_Synth_Single_Core.dir/C_/Users/ameri/.pico-sdk/sdk/2.2.0/src/rp2_common/pico_platform_panic/panic.c.obj
                0x10000db8                panic
 .text.hw_claim_lock
                0x10000de8       0x18 CMakeFiles/Audio_Beep_Synth_Single_Core.dir/C_/Users/ameri/.pico-sdk/sdk/2.2.0/src/common/hardware_claim/claim.c.obj
                0x10000de8                hw_claim_lock
 .text.hw_claim_unlock
                0x10000e00       0x14 CMakeFiles/Audio_Beep_Synth_Single_Core.dir/C_/Users/ameri/.pico-sdk/sdk/2.2.0/src/common/hardware_claim/claim.c.obj
                0x10000e00                hw_claim_unlock
 .text.hw_claim_or_assert
                0x10000e14       0x32 CMakeFiles/Audio_Beep_Synth_Single_Core.dir/C_/Users/ameri/.pico-sdk/sdk/2.2.0/src/common/hardware_claim/claim.c.obj
                0x10000e14                hw_claim_or_assert
 .text.hw_claim_unused_from_range
                0x10000e46       0x50 CMakeFiles/Audio_Beep_Synth_Single_Core.dir/C_/Users/ameri/.pico-sdk/sdk/2.2.0/src/common/hardware_claim/claim.c.obj
                0x10000e46                hw_claim_unused_from_range
 *fill*         0x10000e96        0x2 
 .text.next_striped_spin_lock_num
                0x10000e98       0x1c CMakeFiles/Audio_Beep_Synth_Single_Core.dir/C_/Users/ameri/.pico-sdk/sdk/2.2.0/src/rp2_common/hardware_sync/sync.c.obj
                0x10000e98                next_striped_spin_lock_num
 .text.spin_locks_reset
                0x10000eb4       0x20 CMakeFiles/Audio_Beep_Synth_Single_Core.dir/C_/Users/ameri/.pico-sdk/sdk/2.2.0/src/rp2_common/hardware_sync_spin_lock/sync_spin_lock.c.obj
                0x10000eb4                spin_locks_reset
 .text.set_raw_irq_handler_and_unlock
                0x10000ed4       0x28 CMakeFiles/Audio_Beep_Synth_Single_Core.dir/C_/Users/ameri/.pico-sdk/sdk/2.2.0/src/rp2_common/hardware_irq/irq.c.obj
 .text.nvic_ipr0
                0x10000efc        0x8 CMakeFiles/Audio_Beep_Synth_Single_Core.dir/C_/Users/ameri/.pico-sdk/sdk/2.2.0/src/rp2_common/hardware_irq/irq.c.obj
 .text.runtime_init_per_core_irq_priorities
                0x10000f04       0x1c CMakeFiles/Audio_Beep_Synth_Single_Core.dir/C_/Users/ameri/.pico-sdk/sdk/2.2.0/src/rp2_common/hardware_irq/irq.c.obj
                0x10000f04                runtime_init_per_core_irq_priorities
 .text.resolve_j_16
                0x10000f20       0x30 CMakeFiles/Audio_Beep_Synth_Single_Core.dir/C_/Users/ameri/.pico-sdk/sdk/2.2.0/src/rp2_common/hardware_irq/irq.c.obj
 .text.make_j_16
                0x10000f50       0x48 CMakeFiles/Audio_Beep_Synth_Single_Core.dir/C_/Users/ameri/.pico-sdk/sdk/2.2.0/src/rp2_common/hardware_irq/irq.c.obj
 .text.insert_bl_32
                0x10000f98       0x40 CMakeFiles/Audio_Beep_Synth_Single_Core.dir/C_/Users/ameri/.pico-sdk/sdk/2.2.0/src/rp2_common/hardware_irq/irq.c.obj
 .text.irq_is_enabled
                0x10000fd8       0x18 CMakeFiles/Audio_Beep_Synth_Single_Core.dir/C_/Users/ameri/.pico-sdk/sdk/2.2.0/src/rp2_common/hardware_irq/irq.c.obj
                0x10000fd8                irq_is_enabled
 .text.irq_set_mask_n_enabled
                0x10000ff0       0x1c CMakeFiles/Audio_Beep_Synth_Single_Core.dir/C_/Users/ameri/.pico-sdk/sdk/2.2.0/src/rp2_common/hardware_irq/irq.c.obj
                0x10000ff0                irq_set_mask_n_enabled
 .text.irq_set_enabled
                0x1000100c       0x14 CMakeFiles/Audio_Beep_Synth_Single_Core.dir/C_/Users/ameri/.pico-sdk/sdk/2.2.0/src/rp2_common/hardware_irq/irq.c.obj
                0x1000100c                irq_set_enabled
 .text.irq_get_vtable_handler
                0x10001020       0x10 CMakeFiles/Audio_Beep_Synth_Single_Core.dir/C_/Users/ameri/.pico-sdk/sdk/2.2.0/src/rp2_common/hardware_irq/irq.c.obj
                0x10001020                irq_get_vtable_handler
 .text.irq_set_exclusive_handler
                0x10001030       0x54 CMakeFiles/Audio_Beep_Synth_Single_Core.dir/C_/Users/ameri/.pico-sdk/sdk/2.2.0/src/rp2_common/hardware_irq/irq.c.obj
                0x10001030                irq_set_exclusive_handler
 .text.irq_remove_handler
                0x10001084      0x18c CMakeFiles/Audio_Beep_Synth_Single_Core.dir/C_/Users/ameri/.pico-sdk/sdk/2.2.0/src/rp2_common/hardware_irq/irq.c.obj
                0x10001084                irq_remove_handler
 .text.irq_add_tail_to_free_list
                0x10001210       0xf4 CMakeFiles/Audio_Beep_Synth_Single_Core.dir/C_/Users/ameri/.pico-sdk/sdk/2.2.0/src/rp2_common/hardware_irq/irq.c.obj
                0x10001210                irq_add_tail_to_free_list
 .text.lock_init
                0x10001304       0x10 CMakeFiles/Audio_Beep_Synth_Single_Core.dir/C_/Users/ameri/.pico-sdk/sdk/2.2.0/src/common/pico_sync/lock_core.c.obj
                0x10001304                lock_init
 .text.mutex_init
                0x10001314       0x1a CMakeFiles/Audio_Beep_Synth_Single_Core.dir/C_/Users/ameri/.pico-sdk/sdk/2.2.0/src/common/pico_sync/mutex.c.obj
                0x10001314                mutex_init
 .text.recursive_mutex_init
                0x1000132e       0x1e CMakeFiles/Audio_Beep_Synth_Single_Core.dir/C_/Users/ameri/.pico-sdk/sdk/2.2.0/src/common/pico_sync/mutex.c.obj
                0x1000132e                recursive_mutex_init
 .text.runtime_init_mutex
                0x1000134c       0x4c CMakeFiles/Audio_Beep_Synth_Single_Core.dir/C_/Users/ameri/.pico-sdk/sdk/2.2.0/src/common/pico_sync/mutex.c.obj
                0x1000134c                runtime_init_mutex
 .text.ta_set_timeout
                0x10001398       0x24 CMakeFiles/Audio_Beep_Synth_Single_Core.dir/C_/Users/ameri/.pico-sdk/sdk/2.2.0/src/common/pico_time/time.c.obj
 .text.make_alarm_id
                0x100013bc        0x6 CMakeFiles/Audio_Beep_Synth_Single_Core.dir/C_/Users/ameri/.pico-sdk/sdk/2.2.0/src/common/pico_time/time.c.obj
 *fill*         0x100013c2        0x2 
 .text.sleep_until_callback
                0x100013c4       0x30 CMakeFiles/Audio_Beep_Synth_Single_Core.dir/C_/Users/ameri/.pico-sdk/sdk/2.2.0/src/common/pico_time/time.c.obj
 .text.alarm_pool_irq_handler
                0x100013f4      0x2f0 CMakeFiles/Audio_Beep_Synth_Single_Core.dir/C_/Users/ameri/.pico-sdk/sdk/2.2.0/src/common/pico_time/time.c.obj
 .text.ta_enable_irq_handler
                0x100016e4       0x2c CMakeFiles/Audio_Beep_Synth_Single_Core.dir/C_/Users/ameri/.pico-sdk/sdk/2.2.0/src/common/pico_time/time.c.obj
 .text.alarm_pool_post_alloc_init
                0x10001710       0x78 CMakeFiles/Audio_Beep_Synth_Single_Core.dir/C_/Users/ameri/.pico-sdk/sdk/2.2.0/src/common/pico_time/time.c.obj
 .text.alarm_pool_get_default
                0x10001788       0x2c CMakeFiles/Audio_Beep_Synth_Single_Core.dir/C_/Users/ameri/.pico-sdk/sdk/2.2.0/src/common/pico_time/time.c.obj
                0x10001788                alarm_pool_get_default
 .text.alarm_pool_add_alarm_at_force_in_context
                0x100017b4       0xa4 CMakeFiles/Audio_Beep_Synth_Single_Core.dir/C_/Users/ameri/.pico-sdk/sdk/2.2.0/src/common/pico_time/time.c.obj
                0x100017b4                alarm_pool_add_alarm_at_force_in_context
 .text.alarm_pool_add_alarm_at
                0x10001858       0x3c CMakeFiles/Audio_Beep_Synth_Single_Core.dir/C_/Users/ameri/.pico-sdk/sdk/2.2.0/src/common/pico_time/time.c.obj
                0x10001858                alarm_pool_add_alarm_at
 .text.add_alarm_at
                0x10001894       0x2e CMakeFiles/Audio_Beep_Synth_Single_Core.dir/C_/Users/ameri/.pico-sdk/sdk/2.2.0/src/common/pico_time/time.c.obj
 *fill*         0x100018c2        0x2 
 .text.alarm_pool_cancel_alarm
                0x100018c4       0x78 CMakeFiles/Audio_Beep_Synth_Single_Core.dir/C_/Users/ameri/.pico-sdk/sdk/2.2.0/src/common/pico_time/time.c.obj
                0x100018c4                alarm_pool_cancel_alarm
 .text.cancel_alarm
                0x1000193c       0x10 CMakeFiles/Audio_Beep_Synth_Single_Core.dir/C_/Users/ameri/.pico-sdk/sdk/2.2.0/src/common/pico_time/time.c.obj
 .text.sleep_until
                0x1000194c       0xb0 CMakeFiles/Audio_Beep_Synth_Single_Core.dir/C_/Users/ameri/.pico-sdk/sdk/2.2.0/src/common/pico_time/time.c.obj
                0x1000194c                sleep_until
 .text.sleep_us
                0x100019fc       0x24 CMakeFiles/Audio_Beep_Synth_Single_Core.dir/C_/Users/ameri/.pico-sdk/sdk/2.2.0/src/common/pico_time/time.c.obj
                0x100019fc                sleep_us
 .text.best_effort_wfe_or_timeout
                0x10001a20      0x11c CMakeFiles/Audio_Beep_Synth_Single_Core.dir/C_/Users/ameri/.pico-sdk/sdk/2.2.0/src/common/pico_time/time.c.obj
                0x10001a20                best_effort_wfe_or_timeout
 .text.alarm_pool_get_default_timer
                0x10001b3c        0x8 CMakeFiles/Audio_Beep_Synth_Single_Core.dir/C_/Users/ameri/.pico-sdk/sdk/2.2.0/src/common/pico_time/time.c.obj
                0x10001b3c                alarm_pool_get_default_timer
 .text.runtime_init_default_alarm_pool
                0x10001b44       0x38 CMakeFiles/Audio_Beep_Synth_Single_Core.dir/C_/Users/ameri/.pico-sdk/sdk/2.2.0/src/common/pico_time/time.c.obj
                0x10001b44                runtime_init_default_alarm_pool
 .text.timer_hardware_alarm_claim
                0x10001b7c       0x14 CMakeFiles/Audio_Beep_Synth_Single_Core.dir/C_/Users/ameri/.pico-sdk/sdk/2.2.0/src/rp2_common/hardware_timer/timer.c.obj
                0x10001b7c                timer_hardware_alarm_claim
 .text.timer_time_us_64
                0x10001b90       0x10 CMakeFiles/Audio_Beep_Synth_Single_Core.dir/C_/Users/ameri/.pico-sdk/sdk/2.2.0/src/rp2_common/hardware_timer/timer.c.obj
                0x10001b90                timer_time_us_64
 .text.timer_busy_wait_until
                0x10001ba0       0x1a CMakeFiles/Audio_Beep_Synth_Single_Core.dir/C_/Users/ameri/.pico-sdk/sdk/2.2.0/src/rp2_common/hardware_timer/timer.c.obj
                0x10001ba0                timer_busy_wait_until
 .text.timer_busy_wait_us
                0x10001bba       0x38 CMakeFiles/Audio_Beep_Synth_Single_Core.dir/C_/Users/ameri/.pico-sdk/sdk/2.2.0/src/rp2_common/hardware_timer/timer.c.obj
                0x10001bba                timer_busy_wait_us
 *fill*         0x10001bf2        0x2 
 .text.time_us_64
                0x10001bf4       0x10 CMakeFiles/Audio_Beep_Synth_Single_Core.dir/C_/Users/ameri/.pico-sdk/sdk/2.2.0/src/rp2_common/hardware_timer/timer.c.obj
                0x10001bf4                time_us_64
 .text.busy_wait_us
                0x10001c04       0x14 CMakeFiles/Audio_Beep_Synth_Single_Core.dir/C_/Users/ameri/.pico-sdk/sdk/2.2.0/src/rp2_common/hardware_timer/timer.c.obj
                0x10001c04                busy_wait_us
 .text.busy_wait_until
                0x10001c18       0x14 CMakeFiles/Audio_Beep_Synth_Single_Core.dir/C_/Users/ameri/.pico-sdk/sdk/2.2.0/src/rp2_common/hardware_timer/timer.c.obj
                0x10001c18                busy_wait_until
 .text.uart_unreset
                0x10001c2c       0x2c CMakeFiles/Audio_Beep_Synth_Single_Core.dir/C_/Users/ameri/.pico-sdk/sdk/2.2.0/src/rp2_common/hardware_uart/uart.c.obj
 .text.uart_disable_before_lcr_write
                0x10001c58       0x48 CMakeFiles/Audio_Beep_Synth_Single_Core.dir/C_/Users/ameri/.pico-sdk/sdk/2.2.0/src/rp2_common/hardware_uart/uart.c.obj
 .text.uart_write_lcr_bits_masked
                0x10001ca0       0x20 CMakeFiles/Audio_Beep_Synth_Single_Core.dir/C_/Users/ameri/.pico-sdk/sdk/2.2.0/src/rp2_common/hardware_uart/uart.c.obj
 .text.uart_set_baudrate
                0x10001cc0       0x5c CMakeFiles/Audio_Beep_Synth_Single_Core.dir/C_/Users/ameri/.pico-sdk/sdk/2.2.0/src/rp2_common/hardware_uart/uart.c.obj
                0x10001cc0                uart_set_baudrate
 .text.uart_set_translate_crlf
                0x10001d1c       0x28 CMakeFiles/Audio_Beep_Synth_Single_Core.dir/C_/Users/ameri/.pico-sdk/sdk/2.2.0/src/rp2_common/hardware_uart/uart.c.obj
                0x10001d1c                uart_set_translate_crlf
 .text.uart_init
                0x10001d44       0x64 CMakeFiles/Audio_Beep_Synth_Single_Core.dir/C_/Users/ameri/.pico-sdk/sdk/2.2.0/src/rp2_common/hardware_uart/uart.c.obj
                0x10001d44                uart_init
 .text.clock_configure_internal
                0x10001da8       0xc4 CMakeFiles/Audio_Beep_Synth_Single_Core.dir/C_/Users/ameri/.pico-sdk/sdk/2.2.0/src/rp2_common/hardware_clocks/clocks.c.obj
 .text.clock_configure_int_divider
                0x10001e6c       0x28 CMakeFiles/Audio_Beep_Synth_Single_Core.dir/C_/Users/ameri/.pico-sdk/sdk/2.2.0/src/rp2_common/hardware_clocks/clocks.c.obj
                0x10001e6c                clock_configure_int_divider
 .text.clock_configure_undivided
                0x10001e94       0x12 CMakeFiles/Audio_Beep_Synth_Single_Core.dir/C_/Users/ameri/.pico-sdk/sdk/2.2.0/src/rp2_common/hardware_clocks/clocks.c.obj
                0x10001e94                clock_configure_undivided
 *fill*         0x10001ea6        0x2 
 .text.clock_get_hz
                0x10001ea8        0xc CMakeFiles/Audio_Beep_Synth_Single_Core.dir/C_/Users/ameri/.pico-sdk/sdk/2.2.0/src/rp2_common/hardware_clocks/clocks.c.obj
                0x10001ea8                clock_get_hz
 .text.set_sys_clock_pll
                0x10001eb4       0x68 CMakeFiles/Audio_Beep_Synth_Single_Core.dir/C_/Users/ameri/.pico-sdk/sdk/2.2.0/src/rp2_common/hardware_clocks/clocks.c.obj
                0x10001eb4                set_sys_clock_pll
 .text.check_sys_clock_khz
                0x10001f1c       0xa4 CMakeFiles/Audio_Beep_Synth_Single_Core.dir/C_/Users/ameri/.pico-sdk/sdk/2.2.0/src/rp2_common/hardware_clocks/clocks.c.obj
                0x10001f1c                check_sys_clock_khz
 .text.pll_init
                0x10001fc0      0x124 CMakeFiles/Audio_Beep_Synth_Single_Core.dir/C_/Users/ameri/.pico-sdk/sdk/2.2.0/src/rp2_common/hardware_pll/pll.c.obj
                0x10001fc0                pll_init
 .text.tick_start
                0x100020e4       0x10 CMakeFiles/Audio_Beep_Synth_Single_Core.dir/C_/Users/ameri/.pico-sdk/sdk/2.2.0/src/rp2_common/hardware_ticks/ticks.c.obj
                0x100020e4                tick_start
 .text.rom_func_lookup
                0x100020f4       0x10 CMakeFiles/Audio_Beep_Synth_Single_Core.dir/C_/Users/ameri/.pico-sdk/sdk/2.2.0/src/rp2_common/pico_bootrom/bootrom.c.obj
                0x100020f4                rom_func_lookup
 .text.rom_data_lookup
                0x10002104       0x10 CMakeFiles/Audio_Beep_Synth_Single_Core.dir/C_/Users/ameri/.pico-sdk/sdk/2.2.0/src/rp2_common/pico_bootrom/bootrom.c.obj
                0x10002104                rom_data_lookup
 .text.rom_funcs_lookup
                0x10002114       0x36 CMakeFiles/Audio_Beep_Synth_Single_Core.dir/C_/Users/ameri/.pico-sdk/sdk/2.2.0/src/rp2_common/pico_bootrom/bootrom.c.obj
                0x10002114                rom_funcs_lookup
 *fill*         0x1000214a        0x2 
 .text.rom_reset_usb_boot_extra
                0x1000214c       0x24 CMakeFiles/Audio_Beep_Synth_Single_Core.dir/C_/Users/ameri/.pico-sdk/sdk/2.2.0/src/rp2_common/pico_bootrom/bootrom.c.obj
                0x1000214c                rom_reset_usb_boot_extra
 .text.xosc_init
                0x10002170       0x2c CMakeFiles/Audio_Beep_Synth_Single_Core.dir/C_/Users/ameri/.pico-sdk/sdk/2.2.0/src/rp2_common/hardware_xosc/xosc.c.obj
                0x10002170                xosc_init
 .text.runtime_run_initializers_from
                0x1000219c       0x18 CMakeFiles/Audio_Beep_Synth_Single_Core.dir/C_/Users/ameri/.pico-sdk/sdk/2.2.0/src/rp2_common/pico_runtime/runtime.c.obj
 .text.first_per_core_initializer
                0x100021b4        0x2 CMakeFiles/Audio_Beep_Synth_Single_Core.dir/C_/Users/ameri/.pico-sdk/sdk/2.2.0/src/rp2_common/pico_runtime/runtime.c.obj
 *fill*         0x100021b6        0x2 
 .text.runtime_run_initializers
                0x100021b8       0x10 CMakeFiles/Audio_Beep_Synth_Single_Core.dir/C_/Users/ameri/.pico-sdk/sdk/2.2.0/src/rp2_common/pico_runtime/runtime.c.obj
                0x100021b8                runtime_run_initializers
 .text.runtime_run_per_core_initializers
                0x100021c8       0x10 CMakeFiles/Audio_Beep_Synth_Single_Core.dir/C_/Users/ameri/.pico-sdk/sdk/2.2.0/src/rp2_common/pico_runtime/runtime.c.obj
                0x100021c8                runtime_run_per_core_initializers
 .text.runtime_init_early_resets
                0x100021d8       0x2c CMakeFiles/Audio_Beep_Synth_Single_Core.dir/C_/Users/ameri/.pico-sdk/sdk/2.2.0/src/rp2_common/pico_runtime_init/runtime_init.c.obj
                0x100021d8                runtime_init_early_resets
 .text.runtime_init_usb_power_down
                0x10002204       0x1c CMakeFiles/Audio_Beep_Synth_Single_Core.dir/C_/Users/ameri/.pico-sdk/sdk/2.2.0/src/rp2_common/pico_runtime_init/runtime_init.c.obj
                0x10002204                runtime_init_usb_power_down
 .text.runtime_init_post_clock_resets
                0x10002220       0x20 CMakeFiles/Audio_Beep_Synth_Single_Core.dir/C_/Users/ameri/.pico-sdk/sdk/2.2.0/src/rp2_common/pico_runtime_init/runtime_init.c.obj
                0x10002220                runtime_init_post_clock_resets
 .text.runtime_init_rp2040_gpio_ie_disable
                0x10002240       0x14 CMakeFiles/Audio_Beep_Synth_Single_Core.dir/C_/Users/ameri/.pico-sdk/sdk/2.2.0/src/rp2_common/pico_runtime_init/runtime_init.c.obj
                0x10002240                runtime_init_rp2040_gpio_ie_disable
 .text.runtime_init_spin_locks_reset
                0x10002254        0x8 CMakeFiles/Audio_Beep_Synth_Single_Core.dir/C_/Users/ameri/.pico-sdk/sdk/2.2.0/src/rp2_common/pico_runtime_init/runtime_init.c.obj
                0x10002254                runtime_init_spin_locks_reset
 .text.runtime_init_install_ram_vector_table
                0x1000225c       0x48 CMakeFiles/Audio_Beep_Synth_Single_Core.dir/C_/Users/ameri/.pico-sdk/sdk/2.2.0/src/rp2_common/pico_runtime_init/runtime_init.c.obj
                0x1000225c                runtime_init_install_ram_vector_table
 .text.start_all_ticks
                0x100022a4       0x28 CMakeFiles/Audio_Beep_Synth_Single_Core.dir/C_/Users/ameri/.pico-sdk/sdk/2.2.0/src/rp2_common/pico_runtime_init/runtime_init_clocks.c.obj
 .text.runtime_init_clocks
                0x100022cc       0xcc CMakeFiles/Audio_Beep_Synth_Single_Core.dir/C_/Users/ameri/.pico-sdk/sdk/2.2.0/src/rp2_common/pico_runtime_init/runtime_init_clocks.c.obj
                0x100022cc                runtime_init_clocks
 .text          0x10002398       0x10 CMakeFiles/Audio_Beep_Synth_Single_Core.dir/C_/Users/ameri/.pico-sdk/sdk/2.2.0/src/rp2_common/pico_bit_ops/bit_ops_aeabi.S.obj
 .text.__wrap___aeabi_idiv
                0x100023a8       0x50 CMakeFiles/Audio_Beep_Synth_Single_Core.dir/C_/Users/ameri/.pico-sdk/sdk/2.2.0/src/rp2_common/pico_divider/divider_hardware.S.obj
                0x100023a8                __wrap___aeabi_idivmod
                0x100023a8                divmod_s32s32
                0x100023a8                div_s32s32
                0x100023a8                __wrap___aeabi_idiv
                0x100023b0                divmod_s32s32_unsafe
                0x100023dc                divmod_s32s32_savestate
 .text.__wrap___aeabi_uidiv
                0x100023f8       0x4c CMakeFiles/Audio_Beep_Synth_Single_Core.dir/C_/Users/ameri/.pico-sdk/sdk/2.2.0/src/rp2_common/pico_divider/divider_hardware.S.obj
                0x100023f8                __wrap___aeabi_uidiv
                0x100023f8                __wrap___aeabi_uidivmod
                0x100023f8                div_u32u32
                0x100023f8                divmod_u32u32
                0x10002400                divmod_u32u32_unsafe
                0x10002428                divmod_u32u32_savestate
 .text.__wrap___aeabi_ldiv
                0x10002444      0x424 CMakeFiles/Audio_Beep_Synth_Single_Core.dir/C_/Users/ameri/.pico-sdk/sdk/2.2.0/src/rp2_common/pico_divider/divider_hardware.S.obj
                0x10002444                div_s64s64
                0x10002444                divmod_s64s64
                0x10002444                __wrap___aeabi_ldivmod
                0x10002474                divmod_u64u64
                0x10002474                div_u64u64
                0x10002474                __wrap___aeabi_uldivmod
                0x10002484                divmod_u64u64_savestate
                0x100024a4                divmod_s64s64_unsafe
                0x1000252c                divmod_u64u64_unsafe
 .text.__wrap___aeabi_darithmetic
                0x10002868       0x80 CMakeFiles/Audio_Beep_Synth_Single_Core.dir/C_/Users/ameri/.pico-sdk/sdk/2.2.0/src/rp2_common/pico_double/double_aeabi_rp2040.S.obj
                0x10002868                __wrap___aeabi_drsub
                0x1000286e                __wrap___aeabi_dsub
                0x10002880                __wrap___aeabi_dadd
                0x10002892                __wrap___aeabi_ddiv
                0x100028ce                __wrap___aeabi_dmul
 .text.__wrap___aeabi_cdcmple
                0x100028e8       0x6c CMakeFiles/Audio_Beep_Synth_Single_Core.dir/C_/Users/ameri/.pico-sdk/sdk/2.2.0/src/rp2_common/pico_double/double_aeabi_rp2040.S.obj
                0x100028e8                __wrap___aeabi_cdrcmple
                0x100028f8                __wrap___aeabi_cdcmpeq
                0x100028f8                __wrap___aeabi_cdcmple
 .text.__wrap___aeabi_dcmplt
                0x10002954        0xc CMakeFiles/Audio_Beep_Synth_Single_Core.dir/C_/Users/ameri/.pico-sdk/sdk/2.2.0/src/rp2_common/pico_double/double_aeabi_rp2040.S.obj
                0x10002954                __wrap___aeabi_dcmplt
 .text.__wrap___aeabi_dcmple
                0x10002960       0x10 CMakeFiles/Audio_Beep_Synth_Single_Core.dir/C_/Users/ameri/.pico-sdk/sdk/2.2.0/src/rp2_common/pico_double/double_aeabi_rp2040.S.obj
                0x10002960                __wrap___aeabi_dcmple
 .text.__wrap___aeabi_dcmpge
                0x10002970       0x10 CMakeFiles/Audio_Beep_Synth_Single_Core.dir/C_/Users/ameri/.pico-sdk/sdk/2.2.0/src/rp2_common/pico_double/double_aeabi_rp2040.S.obj
                0x10002970                __wrap___aeabi_dcmpge
 .text.__wrap___aeabi_dcmpgt
                0x10002980        0xa CMakeFiles/Audio_Beep_Synth_Single_Core.dir/C_/Users/ameri/.pico-sdk/sdk/2.2.0/src/rp2_common/pico_double/double_aeabi_rp2040.S.obj
                0x10002980                __wrap___aeabi_dcmpgt
 .text.__wrap___aeabi_dcmpun
                0x1000298a       0x18 CMakeFiles/Audio_Beep_Synth_Single_Core.dir/C_/Users/ameri/.pico-sdk/sdk/2.2.0/src/rp2_common/pico_double/double_aeabi_rp2040.S.obj
                0x1000298a                __wrap___aeabi_dcmpun
 *fill*         0x100029a2        0x2 
 .text.__wrap___aeabi_i2d
                0x100029a4       0x38 CMakeFiles/Audio_Beep_Synth_Single_Core.dir/C_/Users/ameri/.pico-sdk/sdk/2.2.0/src/rp2_common/pico_double/double_aeabi_rp2040.S.obj
                0x100029a4                uint2double
                0x100029a4                __wrap___aeabi_ui2d
                0x100029ac                int2double
                0x100029ac                __wrap___aeabi_i2d
 .text.__wrap___aeabi_d2iz
                0x100029dc       0x48 CMakeFiles/Audio_Beep_Synth_Single_Core.dir/C_/Users/ameri/.pico-sdk/sdk/2.2.0/src/rp2_common/pico_double/double_aeabi_rp2040.S.obj
                0x100029dc                double2int_z
                0x100029dc                __wrap___aeabi_d2iz
 .text.__wrap___aeabi_d2uiz
                0x10002a24       0x18 CMakeFiles/Audio_Beep_Synth_Single_Core.dir/C_/Users/ameri/.pico-sdk/sdk/2.2.0/src/rp2_common/pico_double/double_aeabi_rp2040.S.obj
                0x10002a24                double2uint
                0x10002a24                __wrap___aeabi_d2uiz
                0x10002a24                double2uint_z
 .text.__aeabi_double_init
                0x10002a3c       0xcc CMakeFiles/Audio_Beep_Synth_Single_Core.dir/C_/Users/ameri/.pico-sdk/sdk/2.2.0/src/rp2_common/pico_double/double_init_rom_rp2040.c.obj
                0x10002a3c                __aeabi_double_init
 .text.double_table_shim_on_use_helper
                0x10002b08       0x34 CMakeFiles/Audio_Beep_Synth_Single_Core.dir/C_/Users/ameri/.pico-sdk/sdk/2.2.0/src/rp2_common/pico_double/double_v1_rom_shim_rp2040.S.obj
                0x10002b08                double_table_shim_on_use_helper
 .text.__wrap___aeabi_dsub
                0x10002b3c       0x10 CMakeFiles/Audio_Beep_Synth_Single_Core.dir/C_/Users/ameri/.pico-sdk/sdk/2.2.0/src/rp2_common/pico_double/double_v1_rom_shim_rp2040.S.obj
                0x10002b3c                drsub_shim
                0x10002b42                dsub_shim
 .text.dadd_shim
                0x10002b4c      0x15c CMakeFiles/Audio_Beep_Synth_Single_Core.dir/C_/Users/ameri/.pico-sdk/sdk/2.2.0/src/rp2_common/pico_double/double_v1_rom_shim_rp2040.S.obj
                0x10002b4c                dadd_shim
 .text.dmul_shim
                0x10002ca8      0x15c CMakeFiles/Audio_Beep_Synth_Single_Core.dir/C_/Users/ameri/.pico-sdk/sdk/2.2.0/src/rp2_common/pico_double/double_v1_rom_shim_rp2040.S.obj
                0x10002ca8                dmul_shim
 .text.ddiv_shim
                0x10002e04      0x1b0 CMakeFiles/Audio_Beep_Synth_Single_Core.dir/C_/Users/ameri/.pico-sdk/sdk/2.2.0/src/rp2_common/pico_double/double_v1_rom_shim_rp2040.S.obj
                0x10002e04                ddiv_shim
 .text.double2uint_shim
                0x10002fb4        0xe CMakeFiles/Audio_Beep_Synth_Single_Core.dir/C_/Users/ameri/.pico-sdk/sdk/2.2.0/src/rp2_common/pico_double/double_v1_rom_shim_rp2040.S.obj
                0x10002fb4                double2uint_shim
                0x10002fb6                double2ufix_shim
 *fill*         0x10002fc2        0x2 
 .text.double2uint64_shim
                0x10002fc4       0x70 CMakeFiles/Audio_Beep_Synth_Single_Core.dir/C_/Users/ameri/.pico-sdk/sdk/2.2.0/src/rp2_common/pico_double/double_v1_rom_shim_rp2040.S.obj
                0x10002fc4                double2uint64_shim
                0x10002fc6                double2ufix64_shim
                0x10002fe6                d2fix_a
 .text.dunpacks
                0x10003034       0x3c CMakeFiles/Audio_Beep_Synth_Single_Core.dir/C_/Users/ameri/.pico-sdk/sdk/2.2.0/src/rp2_common/pico_double/double_v1_rom_shim_rp2040.S.obj
                0x10003034                dunpacks
 .text.__aeabi_lmul
                0x10003070       0x32 CMakeFiles/Audio_Beep_Synth_Single_Core.dir/C_/Users/ameri/.pico-sdk/sdk/2.2.0/src/rp2_common/pico_int64_ops/pico_int64_ops_aeabi.S.obj
                0x10003070                __wrap___aeabi_lmul
 *fill*         0x100030a2        0x2 
 .text.__aeabi_float_init
                0x100030a4       0xfc CMakeFiles/Audio_Beep_Synth_Single_Core.dir/C_/Users/ameri/.pico-sdk/sdk/2.2.0/src/rp2_common/pico_float/float_init_rom_rp2040.c.obj
                0x100030a4                __aeabi_float_init
 .text.float_table_shim_on_use_helper
                0x100031a0       0x34 CMakeFiles/Audio_Beep_Synth_Single_Core.dir/C_/Users/ameri/.pico-sdk/sdk/2.2.0/src/rp2_common/pico_float/float_v1_rom_shim_rp2040.S.obj
                0x100031a0                float_table_shim_on_use_helper
 .text          0x100031d4       0x10 CMakeFiles/Audio_Beep_Synth_Single_Core.dir/C_/Users/ameri/.pico-sdk/sdk/2.2.0/src/rp2_common/pico_mem_ops/mem_ops_aeabi.S.obj
                0x100031d4                __aeabi_mem_init
 .text.memcpy   0x100031e4        0xc CMakeFiles/Audio_Beep_Synth_Single_Core.dir/C_/Users/ameri/.pico-sdk/sdk/2.2.0/src/rp2_common/pico_mem_ops/mem_ops_aeabi.S.obj
                0x100031e4                __wrap_memcpy
                0x100031e4                __wrap___aeabi_memcpy
 .text._out_null
                0x100031f0        0x2 CMakeFiles/Audio_Beep_Synth_Single_Core.dir/C_/Users/ameri/.pico-sdk/sdk/2.2.0/src/rp2_common/pico_printf/printf.c.obj
 .text._out_fct
                0x100031f2        0xe CMakeFiles/Audio_Beep_Synth_Single_Core.dir/C_/Users/ameri/.pico-sdk/sdk/2.2.0/src/rp2_common/pico_printf/printf.c.obj
 .text._atoi    0x10003200       0x24 CMakeFiles/Audio_Beep_Synth_Single_Core.dir/C_/Users/ameri/.pico-sdk/sdk/2.2.0/src/rp2_common/pico_printf/printf.c.obj
 .text._out_rev
                0x10003224       0xb0 CMakeFiles/Audio_Beep_Synth_Single_Core.dir/C_/Users/ameri/.pico-sdk/sdk/2.2.0/src/rp2_common/pico_printf/printf.c.obj
 .text._ntoa_format
                0x100032d4      0x10e CMakeFiles/Audio_Beep_Synth_Single_Core.dir/C_/Users/ameri/.pico-sdk/sdk/2.2.0/src/rp2_common/pico_printf/printf.c.obj
 .text._ntoa_long
                0x100033e2       0xbc CMakeFiles/Audio_Beep_Synth_Single_Core.dir/C_/Users/ameri/.pico-sdk/sdk/2.2.0/src/rp2_common/pico_printf/printf.c.obj
 .text._ntoa_long_long
                0x1000349e      0x10e CMakeFiles/Audio_Beep_Synth_Single_Core.dir/C_/Users/ameri/.pico-sdk/sdk/2.2.0/src/rp2_common/pico_printf/printf.c.obj
 .text._etoa    0x100035ac      0x424 CMakeFiles/Audio_Beep_Synth_Single_Core.dir/C_/Users/ameri/.pico-sdk/sdk/2.2.0/src/rp2_common/pico_printf/printf.c.obj
 .text._ftoa    0x100039d0      0x348 CMakeFiles/Audio_Beep_Synth_Single_Core.dir/C_/Users/ameri/.pico-sdk/sdk/2.2.0/src/rp2_common/pico_printf/printf.c.obj
 .text._vsnprintf
                0x10003d18      0x6a4 CMakeFiles/Audio_Beep_Synth_Single_Core.dir/C_/Users/ameri/.pico-sdk/sdk/2.2.0/src/rp2_common/pico_printf/printf.c.obj
 .text.vfctprintf
                0x100043bc       0x24 CMakeFiles/Audio_Beep_Synth_Single_Core.dir/C_/Users/ameri/.pico-sdk/sdk/2.2.0/src/rp2_common/pico_printf/printf.c.obj
                0x100043bc                vfctprintf
 .text._exit    0x100043e0        0x4 CMakeFiles/Audio_Beep_Synth_Single_Core.dir/C_/Users/ameri/.pico-sdk/sdk/2.2.0/src/rp2_common/pico_clib_interface/newlib_interface.c.obj
                0x100043e0                _exit
 .text.exit     0x100043e4        0x6 CMakeFiles/Audio_Beep_Synth_Single_Core.dir/C_/Users/ameri/.pico-sdk/sdk/2.2.0/src/rp2_common/pico_clib_interface/newlib_interface.c.obj
                0x100043e4                exit
 *fill*         0x100043ea        0x2 
 .text.__assert_func
                0x100043ec       0x38 CMakeFiles/Audio_Beep_Synth_Single_Core.dir/C_/Users/ameri/.pico-sdk/sdk/2.2.0/src/rp2_common/pico_clib_interface/newlib_interface.c.obj
                0x100043ec                __assert_func
 .text.runtime_init
                0x10004424       0x28 CMakeFiles/Audio_Beep_Synth_Single_Core.dir/C_/Users/ameri/.pico-sdk/sdk/2.2.0/src/rp2_common/pico_clib_interface/newlib_interface.c.obj
                0x10004424                runtime_init
 .text.stdio_out_chars_no_crlf
                0x1000444c        0xe CMakeFiles/Audio_Beep_Synth_Single_Core.dir/C_/Users/ameri/.pico-sdk/sdk/2.2.0/src/rp2_common/pico_stdio/stdio.c.obj
 *fill*         0x1000445a        0x2 
 .text.stdio_out_chars_crlf
                0x1000445c       0x80 CMakeFiles/Audio_Beep_Synth_Single_Core.dir/C_/Users/ameri/.pico-sdk/sdk/2.2.0/src/rp2_common/pico_stdio/stdio.c.obj
 .text.stdio_stack_buffer_flush
                0x100044dc       0x44 CMakeFiles/Audio_Beep_Synth_Single_Core.dir/C_/Users/ameri/.pico-sdk/sdk/2.2.0/src/rp2_common/pico_stdio/stdio.c.obj
 .text.stdio_buffered_printer
                0x10004520       0x20 CMakeFiles/Audio_Beep_Synth_Single_Core.dir/C_/Users/ameri/.pico-sdk/sdk/2.2.0/src/rp2_common/pico_stdio/stdio.c.obj
 .text.stdout_serialize_begin
                0x10004540       0x30 CMakeFiles/Audio_Beep_Synth_Single_Core.dir/C_/Users/ameri/.pico-sdk/sdk/2.2.0/src/rp2_common/pico_stdio/stdio.c.obj
                0x10004540                stdout_serialize_begin
 .text.stdout_serialize_end
                0x10004570       0x10 CMakeFiles/Audio_Beep_Synth_Single_Core.dir/C_/Users/ameri/.pico-sdk/sdk/2.2.0/src/rp2_common/pico_stdio/stdio.c.obj
                0x10004570                stdout_serialize_end
 .text.stdio_put_string
                0x10004580       0x94 CMakeFiles/Audio_Beep_Synth_Single_Core.dir/C_/Users/ameri/.pico-sdk/sdk/2.2.0/src/rp2_common/pico_stdio/stdio.c.obj
                0x10004580                stdio_put_string
 .text.stdio_set_driver_enabled
                0x10004614       0x30 CMakeFiles/Audio_Beep_Synth_Single_Core.dir/C_/Users/ameri/.pico-sdk/sdk/2.2.0/src/rp2_common/pico_stdio/stdio.c.obj
                0x10004614                stdio_set_driver_enabled
 .text.stdio_flush
                0x10004644       0x20 CMakeFiles/Audio_Beep_Synth_Single_Core.dir/C_/Users/ameri/.pico-sdk/sdk/2.2.0/src/rp2_common/pico_stdio/stdio.c.obj
                0x10004644                stdio_flush
 .text.stdio_init_all
                0x10004664        0xa CMakeFiles/Audio_Beep_Synth_Single_Core.dir/C_/Users/ameri/.pico-sdk/sdk/2.2.0/src/rp2_common/pico_stdio/stdio.c.obj
                0x10004664                stdio_init_all
 .text.__wrap_puts
                0x1000466e       0x1e CMakeFiles/Audio_Beep_Synth_Single_Core.dir/C_/Users/ameri/.pico-sdk/sdk/2.2.0/src/rp2_common/pico_stdio/stdio.c.obj
                0x1000466e                stdio_puts
                0x1000466e                __wrap_puts
 .text.__wrap_vprintf
                0x1000468c       0x40 CMakeFiles/Audio_Beep_Synth_Single_Core.dir/C_/Users/ameri/.pico-sdk/sdk/2.2.0/src/rp2_common/pico_stdio/stdio.c.obj
                0x1000468c                stdio_vprintf
                0x1000468c                __wrap_vprintf
 .text.__wrap_printf
                0x100046cc       0x18 CMakeFiles/Audio_Beep_Synth_Single_Core.dir/C_/Users/ameri/.pico-sdk/sdk/2.2.0/src/rp2_common/pico_stdio/stdio.c.obj
                0x100046cc                __wrap_printf
                0x100046cc                stdio_printf
 .text.uart_putc
                0x100046e4       0x60 CMakeFiles/Audio_Beep_Synth_Single_Core.dir/C_/Users/ameri/.pico-sdk/sdk/2.2.0/src/rp2_common/pico_stdio_uart/stdio_uart.c.obj
 .text.uart_getc
                0x10004744       0x24 CMakeFiles/Audio_Beep_Synth_Single_Core.dir/C_/Users/ameri/.pico-sdk/sdk/2.2.0/src/rp2_common/pico_stdio_uart/stdio_uart.c.obj
 .text.stdio_uart_out_chars
                0x10004768       0x20 CMakeFiles/Audio_Beep_Synth_Single_Core.dir/C_/Users/ameri/.pico-sdk/sdk/2.2.0/src/rp2_common/pico_stdio_uart/stdio_uart.c.obj
 .text.stdio_uart_in_chars
                0x10004788       0x5c CMakeFiles/Audio_Beep_Synth_Single_Core.dir/C_/Users/ameri/.pico-sdk/sdk/2.2.0/src/rp2_common/pico_stdio_uart/stdio_uart.c.obj
                0x10004788                stdio_uart_in_chars
 .text.on_uart_rx
                0x100047e4       0x28 CMakeFiles/Audio_Beep_Synth_Single_Core.dir/C_/Users/ameri/.pico-sdk/sdk/2.2.0/src/rp2_common/pico_stdio_uart/stdio_uart.c.obj
 .text.stdio_uart_out_flush
                0x1000480c       0x10 CMakeFiles/Audio_Beep_Synth_Single_Core.dir/C_/Users/ameri/.pico-sdk/sdk/2.2.0/src/rp2_common/pico_stdio_uart/stdio_uart.c.obj
 .text.stdio_uart_set_chars_available_callback
                0x1000481c       0x90 CMakeFiles/Audio_Beep_Synth_Single_Core.dir/C_/Users/ameri/.pico-sdk/sdk/2.2.0/src/rp2_common/pico_stdio_uart/stdio_uart.c.obj
 .text.stdio_uart_init_full
                0x100048ac       0x44 CMakeFiles/Audio_Beep_Synth_Single_Core.dir/C_/Users/ameri/.pico-sdk/sdk/2.2.0/src/rp2_common/pico_stdio_uart/stdio_uart.c.obj
                0x100048ac                stdio_uart_init_full
 .text.stdio_uart_init
                0x100048f0       0x30 CMakeFiles/Audio_Beep_Synth_Single_Core.dir/C_/Users/ameri/.pico-sdk/sdk/2.2.0/src/rp2_common/pico_stdio_uart/stdio_uart.c.obj
                0x100048f0                stdio_uart_init
 .text.double_tap_flag_is_set
                0x10004920       0x28 CMakeFiles/Audio_Beep_Synth_Single_Core.dir/5e8e4fd0c7bc8e19b3a99ff238acb598/rp2_common/pico_bootsel_via_double_reset/pico_bootsel_via_double_reset.c.obj
 .text.boot_double_tap_check
                0x10004948       0x4c CMakeFiles/Audio_Beep_Synth_Single_Core.dir/5e8e4fd0c7bc8e19b3a99ff238acb598/rp2_common/pico_bootsel_via_double_reset/pico_bootsel_via_double_reset.c.obj
 .text.spi_unreset
                0x10004994       0x2c CMakeFiles/Audio_Beep_Synth_Single_Core.dir/C_/Users/ameri/.pico-sdk/sdk/2.2.0/src/rp2_common/hardware_spi/spi.c.obj
 .text.spi_set_baudrate
                0x100049c0       0xb4 CMakeFiles/Audio_Beep_Synth_Single_Core.dir/C_/Users/ameri/.pico-sdk/sdk/2.2.0/src/rp2_common/hardware_spi/spi.c.obj
                0x100049c0                spi_set_baudrate
 .text.spi_init
                0x10004a74       0x70 CMakeFiles/Audio_Beep_Synth_Single_Core.dir/C_/Users/ameri/.pico-sdk/sdk/2.2.0/src/rp2_common/hardware_spi/spi.c.obj
                0x10004a74                spi_init
 .text.core1_trampoline
                0x10004ae4        0x2 CMakeFiles/Audio_Beep_Synth_Single_Core.dir/C_/Users/ameri/.pico-sdk/sdk/2.2.0/src/rp2_common/pico_multicore/multicore.c.obj
 .text.core1_wrapper
                0x10004ae6        0xc CMakeFiles/Audio_Beep_Synth_Single_Core.dir/C_/Users/ameri/.pico-sdk/sdk/2.2.0/src/rp2_common/pico_multicore/multicore.c.obj
                0x10004ae6                core1_wrapper
 .text.multicore_fifo_push_blocking
                0x10004af2       0x14 CMakeFiles/Audio_Beep_Synth_Single_Core.dir/C_/Users/ameri/.pico-sdk/sdk/2.2.0/src/rp2_common/pico_multicore/multicore.c.obj
                0x10004af2                multicore_fifo_push_blocking
 .text.multicore_fifo_pop_blocking
                0x10004b06       0x16 CMakeFiles/Audio_Beep_Synth_Single_Core.dir/C_/Users/ameri/.pico-sdk/sdk/2.2.0/src/rp2_common/pico_multicore/multicore.c.obj
                0x10004b06                multicore_fifo_pop_blocking
 .text.multicore_launch_core1_raw
                0x10004b1c       0x70 CMakeFiles/Audio_Beep_Synth_Single_Core.dir/C_/Users/ameri/.pico-sdk/sdk/2.2.0/src/rp2_common/pico_multicore/multicore.c.obj
                0x10004b1c                multicore_launch_core1_raw
 .text.multicore_launch_core1_with_stack
                0x10004b8c       0x50 CMakeFiles/Audio_Beep_Synth_Single_Core.dir/C_/Users/ameri/.pico-sdk/sdk/2.2.0/src/rp2_common/pico_multicore/multicore.c.obj
                0x10004b8c                multicore_launch_core1_with_stack
 .text.multicore_launch_core1
                0x10004bdc       0x24 CMakeFiles/Audio_Beep_Synth_Single_Core.dir/C_/Users/ameri/.pico-sdk/sdk/2.2.0/src/rp2_common/pico_multicore/multicore.c.obj
                0x10004bdc                multicore_launch_core1
 .text.dma_claim_unused_channel
                0x10004c00       0x24 CMakeFiles/Audio_Beep_Synth_Single_Core.dir/C_/Users/ameri/.pico-sdk/sdk/2.2.0/src/rp2_common/hardware_dma/dma.c.obj
                0x10004c00                dma_claim_unused_channel
 .text.strlen   0x10004c24       0x5c C:/Users/ameri/.pico-sdk/toolchain/14_2_Rel1/bin/../lib/gcc/arm-none-eabi/14.2.1/thumb/v6-m/nofp\libg.a(libc_a-strlen-stub.o)
                0x10004c24                strlen
 *(.fini)
 .fini          0x10004c80        0x4 C:/Users/ameri/.pico-sdk/toolchain/14_2_Rel1/bin/../lib/gcc/arm-none-eabi/14.2.1/thumb/v6-m/nofp/crti.o
                0x10004c80                _fini
 *fill*         0x10004c84        0x4 
 .fini.__stub   0x10004c88       0x40 linker stubs
 *crtbegin.o(.ctors)
 *crtbegin?.o(.ctors)
 *(EXCLUDE_FILE(*crtend.o *crtend?.o) .ctors)
 *(SORT_BY_NAME(.ctors.*))
 *(.ctors)
 *crtbegin.o(.dtors)
 *crtbegin?.o(.dtors)
 *(EXCLUDE_FILE(*crtend.o *crtend?.o) .dtors)
 *(SORT_BY_NAME(.dtors.*))
 *(.dtors)
                0x10004cc8                        . = ALIGN (0x4)
                0x10004cc8                        PROVIDE (__preinit_array_start = .)
 *(SORT_BY_NAME(.preinit_array.*))
 .preinit_array.00100
                0x10004cc8        0x4 CMakeFiles/Audio_Beep_Synth_Single_Core.dir/C_/Users/ameri/.pico-sdk/sdk/2.2.0/src/rp2_common/pico_runtime_init/runtime_init.c.obj
                0x10004cc8                __pre_init_runtime_init_early_resets
 .preinit_array.00101
                0x10004ccc        0x4 CMakeFiles/Audio_Beep_Synth_Single_Core.dir/C_/Users/ameri/.pico-sdk/sdk/2.2.0/src/rp2_common/pico_runtime_init/runtime_init.c.obj
                0x10004ccc                __pre_init_runtime_init_usb_power_down
 .preinit_array.00275
                0x10004cd0        0x4 CMakeFiles/Audio_Beep_Synth_Single_Core.dir/C_/Users/ameri/.pico-sdk/sdk/2.2.0/src/rp2_common/pico_bit_ops/bit_ops_aeabi.S.obj
 .preinit_array.00300
                0x10004cd4        0x4 CMakeFiles/Audio_Beep_Synth_Single_Core.dir/C_/Users/ameri/.pico-sdk/sdk/2.2.0/src/rp2_common/pico_mem_ops/mem_ops_aeabi.S.obj
 .preinit_array.00350
                0x10004cd8        0x4 CMakeFiles/Audio_Beep_Synth_Single_Core.dir/C_/Users/ameri/.pico-sdk/sdk/2.2.0/src/rp2_common/pico_double/double_aeabi_rp2040.S.obj
 .preinit_array.00350
                0x10004cdc        0x4 CMakeFiles/Audio_Beep_Synth_Single_Core.dir/C_/Users/ameri/.pico-sdk/sdk/2.2.0/src/rp2_common/pico_float/float_aeabi_rp2040.S.obj
 .preinit_array.00500
                0x10004ce0        0x4 CMakeFiles/Audio_Beep_Synth_Single_Core.dir/C_/Users/ameri/.pico-sdk/sdk/2.2.0/src/rp2_common/pico_runtime_init/runtime_init.c.obj
                0x10004ce0                __pre_init_runtime_init_clocks
 .preinit_array.00600
                0x10004ce4        0x4 CMakeFiles/Audio_Beep_Synth_Single_Core.dir/C_/Users/ameri/.pico-sdk/sdk/2.2.0/src/rp2_common/pico_runtime_init/runtime_init.c.obj
                0x10004ce4                __pre_init_runtime_init_post_clock_resets
 .preinit_array.00700
                0x10004ce8        0x4 CMakeFiles/Audio_Beep_Synth_Single_Core.dir/C_/Users/ameri/.pico-sdk/sdk/2.2.0/src/rp2_common/pico_runtime_init/runtime_init.c.obj
                0x10004ce8                __pre_init_runtime_init_rp2040_gpio_ie_disable
 .preinit_array.01000
                0x10004cec        0x4 CMakeFiles/Audio_Beep_Synth_Single_Core.dir/C_/Users/ameri/.pico-sdk/sdk/2.2.0/src/rp2_common/pico_runtime_init/runtime_init.c.obj
                0x10004cec                __pre_init_runtime_init_spin_locks_reset
 .preinit_array.01100
                0x10004cf0        0x4 CMakeFiles/Audio_Beep_Synth_Single_Core.dir/C_/Users/ameri/.pico-sdk/sdk/2.2.0/src/common/pico_sync/mutex.c.obj
                0x10004cf0                __pre_init_runtime_init_mutex
 .preinit_array.10080
                0x10004cf4        0x4 CMakeFiles/Audio_Beep_Synth_Single_Core.dir/C_/Users/ameri/.pico-sdk/sdk/2.2.0/src/rp2_common/pico_runtime_init/runtime_init.c.obj
                0x10004cf4                __pre_init_runtime_init_install_ram_vector_table
 .preinit_array.11000
                0x10004cf8        0x4 CMakeFiles/Audio_Beep_Synth_Single_Core.dir/C_/Users/ameri/.pico-sdk/sdk/2.2.0/src/common/pico_time/time.c.obj
                0x10004cf8                __pre_init_runtime_init_default_alarm_pool
 .preinit_array.YYYYY
                0x10004cfc        0x4 CMakeFiles/Audio_Beep_Synth_Single_Core.dir/C_/Users/ameri/.pico-sdk/sdk/2.2.0/src/rp2_common/pico_runtime/runtime.c.obj
                0x10004cfc                __pre_init_first_per_core_initializer
 .preinit_array.ZZZZZ.01200
                0x10004d00        0x4 CMakeFiles/Audio_Beep_Synth_Single_Core.dir/C_/Users/ameri/.pico-sdk/sdk/2.2.0/src/rp2_common/hardware_irq/irq.c.obj
                0x10004d00                __pre_init_runtime_init_per_core_irq_priorities
 *(.preinit_array)
                0x10004d04                        PROVIDE (__preinit_array_end = .)
                0x10004d04                        . = ALIGN (0x4)
                0x10004d04                        PROVIDE (__init_array_start = .)
 *(SORT_BY_NAME(.init_array.*))
 *(.init_array)
 .init_array    0x10004d04        0x4 C:/Users/ameri/.pico-sdk/toolchain/14_2_Rel1/bin/../lib/gcc/arm-none-eabi/14.2.1/thumb/v6-m/nofp/crtbegin.o
 .init_array    0x10004d08        0x4 CMakeFiles/Audio_Beep_Synth_Single_Core.dir/5e8e4fd0c7bc8e19b3a99ff238acb598/rp2_common/pico_bootsel_via_double_reset/pico_bootsel_via_double_reset.c.obj
                0x10004d0c                        PROVIDE (__init_array_end = .)
                0x10004d0c                        . = ALIGN (0x4)
                [!provide]                        PROVIDE (__fini_array_start = .)
 *(SORT_BY_NAME(.fini_array.*))
 *(.fini_array)
                [!provide]                        PROVIDE (__fini_array_end = .)
 *(.eh_frame*)
 .eh_frame      0x10004d0c        0x0 C:/Users/ameri/.pico-sdk/toolchain/14_2_Rel1/bin/../lib/gcc/arm-none-eabi/14.2.1/thumb/v6-m/nofp/crtbegin.o
                0x10004d0c                        . = ALIGN (0x4)

.glue_7         0x10004d0c        0x0
 .glue_7        0x10004d0c        0x0 linker stubs

.glue_7t        0x10004d0c        0x0
 .glue_7t       0x10004d0c        0x0 linker stubs

.vfp11_veneer   0x10004d0c        0x0
 .vfp11_veneer  0x10004d0c        0x0 linker stubs

.v4_bx          0x10004d0c        0x0
 .v4_bx         0x10004d0c        0x0 linker stubs

.iplt           0x10004d0c        0x0
 .iplt          0x10004d0c        0x0 C:/Users/ameri/.pico-sdk/toolchain/14_2_Rel1/bin/../lib/gcc/arm-none-eabi/14.2.1/thumb/v6-m/nofp/crtbegin.o

.rodata         0x10004d10     0xd8cc
 *(EXCLUDE_FILE(*libm.a: *libc.a:*lib_a-mem*.o *libgcc.a:) .rodata*)
 .rodata.set_sys_clock_khz.str1.4
                0x10004d10      0x7c2 CMakeFiles/Audio_Beep_Synth_Single_Core.dir/beep_beep_2.c.obj
                                 0x32 (size before relaxing)
 .rodata.channel_config_set_chain_to.str1.4
                0x100054d2       0x76 CMakeFiles/Audio_Beep_Synth_Single_Core.dir/beep_beep_2.c.obj
 .rodata.channel_config_set_dreq.str1.4
                0x100054d2       0x13 CMakeFiles/Audio_Beep_Synth_Single_Core.dir/beep_beep_2.c.obj
 *fill*         0x100054d2        0x2 
 .rodata.__func__.0
                0x100054d4       0x18 CMakeFiles/Audio_Beep_Synth_Single_Core.dir/beep_beep_2.c.obj
 .rodata.__func__.3
                0x100054ec       0x1c CMakeFiles/Audio_Beep_Synth_Single_Core.dir/beep_beep_2.c.obj
 .rodata.chirp_table
                0x10005508     0x6590 CMakeFiles/Audio_Beep_Synth_Single_Core.dir/beep_beep_2.c.obj
 .rodata.swoop_table
                0x1000ba98     0x6590 CMakeFiles/Audio_Beep_Synth_Single_Core.dir/beep_beep_2.c.obj
 .rodata.sin_table
                0x10012028      0x200 CMakeFiles/Audio_Beep_Synth_Single_Core.dir/beep_beep_2.c.obj
 .rodata.panic.str1.4
                0x10012228       0x12 CMakeFiles/Audio_Beep_Synth_Single_Core.dir/C_/Users/ameri/.pico-sdk/sdk/2.2.0/src/rp2_common/pico_platform_panic/panic.c.obj
 .rodata.resolve_j_16.str1.4
                0x10012228       0x5d CMakeFiles/Audio_Beep_Synth_Single_Core.dir/C_/Users/ameri/.pico-sdk/sdk/2.2.0/src/rp2_common/hardware_irq/irq.c.obj
 .rodata.make_j_16.str1.4
                0x10012228       0x30 CMakeFiles/Audio_Beep_Synth_Single_Core.dir/C_/Users/ameri/.pico-sdk/sdk/2.2.0/src/rp2_common/hardware_irq/irq.c.obj
 .rodata.insert_bl_32.str1.4
                0x10012228       0x10 CMakeFiles/Audio_Beep_Synth_Single_Core.dir/C_/Users/ameri/.pico-sdk/sdk/2.2.0/src/rp2_common/hardware_irq/irq.c.obj
 .rodata.irq_set_exclusive_handler.str1.4
                0x10012228       0x36 CMakeFiles/Audio_Beep_Synth_Single_Core.dir/C_/Users/ameri/.pico-sdk/sdk/2.2.0/src/rp2_common/hardware_irq/irq.c.obj
 .rodata.irq_remove_handler.str1.4
                0x10012228       0x3a CMakeFiles/Audio_Beep_Synth_Single_Core.dir/C_/Users/ameri/.pico-sdk/sdk/2.2.0/src/rp2_common/hardware_irq/irq.c.obj
 .rodata.irq_add_tail_to_free_list.str1.4
                0x10012228       0x3a CMakeFiles/Audio_Beep_Synth_Single_Core.dir/C_/Users/ameri/.pico-sdk/sdk/2.2.0/src/rp2_common/hardware_irq/irq.c.obj
 .rodata.__func__.0
                0x10012228       0x1a CMakeFiles/Audio_Beep_Synth_Single_Core.dir/C_/Users/ameri/.pico-sdk/sdk/2.2.0/src/rp2_common/hardware_irq/irq.c.obj
 *fill*         0x10012242        0x2 
 .rodata.__func__.1
                0x10012244        0xd CMakeFiles/Audio_Beep_Synth_Single_Core.dir/C_/Users/ameri/.pico-sdk/sdk/2.2.0/src/rp2_common/hardware_irq/irq.c.obj
 *fill*         0x10012251        0x3 
 .rodata.__func__.2
                0x10012254       0x13 CMakeFiles/Audio_Beep_Synth_Single_Core.dir/C_/Users/ameri/.pico-sdk/sdk/2.2.0/src/rp2_common/hardware_irq/irq.c.obj
 *fill*         0x10012267        0x1 
 .rodata.__func__.3
                0x10012268        0xa CMakeFiles/Audio_Beep_Synth_Single_Core.dir/C_/Users/ameri/.pico-sdk/sdk/2.2.0/src/rp2_common/hardware_irq/irq.c.obj
 *fill*         0x10012272        0x2 
 .rodata.__func__.4
                0x10012274        0xd CMakeFiles/Audio_Beep_Synth_Single_Core.dir/C_/Users/ameri/.pico-sdk/sdk/2.2.0/src/rp2_common/hardware_irq/irq.c.obj
 *fill*         0x10012281        0x3 
 .rodata.__func__.6
                0x10012284       0x1a CMakeFiles/Audio_Beep_Synth_Single_Core.dir/C_/Users/ameri/.pico-sdk/sdk/2.2.0/src/rp2_common/hardware_irq/irq.c.obj
 .rodata.runtime_init_mutex.str1.4
                0x1001229e       0x60 CMakeFiles/Audio_Beep_Synth_Single_Core.dir/C_/Users/ameri/.pico-sdk/sdk/2.2.0/src/common/pico_sync/mutex.c.obj
 .rodata.str1.4
                0x1001229e       0x51 CMakeFiles/Audio_Beep_Synth_Single_Core.dir/C_/Users/ameri/.pico-sdk/sdk/2.2.0/src/common/pico_sync/mutex.c.obj
 *fill*         0x1001229e        0x2 
 .rodata.__func__.1
                0x100122a0        0xb CMakeFiles/Audio_Beep_Synth_Single_Core.dir/C_/Users/ameri/.pico-sdk/sdk/2.2.0/src/common/pico_sync/mutex.c.obj
 *fill*         0x100122ab        0x1 
 .rodata.__func__.3
                0x100122ac       0x18 CMakeFiles/Audio_Beep_Synth_Single_Core.dir/C_/Users/ameri/.pico-sdk/sdk/2.2.0/src/common/pico_sync/mutex.c.obj
 .rodata.__func__.6
                0x100122c4       0x13 CMakeFiles/Audio_Beep_Synth_Single_Core.dir/C_/Users/ameri/.pico-sdk/sdk/2.2.0/src/common/pico_sync/mutex.c.obj
 .rodata.alarm_pool_irq_handler.str1.4
                0x100122d7       0x6b CMakeFiles/Audio_Beep_Synth_Single_Core.dir/C_/Users/ameri/.pico-sdk/sdk/2.2.0/src/common/pico_time/time.c.obj
 .rodata.alarm_pool_get_default.str1.4
                0x100122d7       0x21 CMakeFiles/Audio_Beep_Synth_Single_Core.dir/C_/Users/ameri/.pico-sdk/sdk/2.2.0/src/common/pico_time/time.c.obj
 .rodata.sleep_until.str1.4
                0x100122d7       0x4d CMakeFiles/Audio_Beep_Synth_Single_Core.dir/C_/Users/ameri/.pico-sdk/sdk/2.2.0/src/common/pico_time/time.c.obj
 *fill*         0x100122d7        0x1 
 .rodata.__func__.1
                0x100122d8       0x17 CMakeFiles/Audio_Beep_Synth_Single_Core.dir/C_/Users/ameri/.pico-sdk/sdk/2.2.0/src/common/pico_time/time.c.obj
 *fill*         0x100122ef        0x1 
 .rodata.__func__.2
                0x100122f0       0x17 CMakeFiles/Audio_Beep_Synth_Single_Core.dir/C_/Users/ameri/.pico-sdk/sdk/2.2.0/src/common/pico_time/time.c.obj
 .rodata.timer_hardware_alarm_claim.str1.4
                0x10012307       0x22 CMakeFiles/Audio_Beep_Synth_Single_Core.dir/C_/Users/ameri/.pico-sdk/sdk/2.2.0/src/rp2_common/hardware_timer/timer.c.obj
 .rodata.pll_init.str1.4
                0x10012307      0x11c CMakeFiles/Audio_Beep_Synth_Single_Core.dir/C_/Users/ameri/.pico-sdk/sdk/2.2.0/src/rp2_common/hardware_pll/pll.c.obj
 *fill*         0x10012307        0x1 
 .rodata.__func__.0
                0x10012308        0x9 CMakeFiles/Audio_Beep_Synth_Single_Core.dir/C_/Users/ameri/.pico-sdk/sdk/2.2.0/src/rp2_common/hardware_pll/pll.c.obj
 .rodata.__aeabi_double_init.str1.4
                0x10012311       0x9b CMakeFiles/Audio_Beep_Synth_Single_Core.dir/C_/Users/ameri/.pico-sdk/sdk/2.2.0/src/rp2_common/pico_double/double_init_rom_rp2040.c.obj
 *fill*         0x10012311        0x3 
 .rodata.__func__.0
                0x10012314       0x14 CMakeFiles/Audio_Beep_Synth_Single_Core.dir/C_/Users/ameri/.pico-sdk/sdk/2.2.0/src/rp2_common/pico_double/double_init_rom_rp2040.c.obj
 .rodata.__aeabi_float_init.str1.4
                0x10012328       0x8d CMakeFiles/Audio_Beep_Synth_Single_Core.dir/C_/Users/ameri/.pico-sdk/sdk/2.2.0/src/rp2_common/pico_float/float_init_rom_rp2040.c.obj
 .rodata.__func__.0
                0x10012328       0x13 CMakeFiles/Audio_Beep_Synth_Single_Core.dir/C_/Users/ameri/.pico-sdk/sdk/2.2.0/src/rp2_common/pico_float/float_init_rom_rp2040.c.obj
 .rodata.str1.4
                0x1001233b       0x54 CMakeFiles/Audio_Beep_Synth_Single_Core.dir/C_/Users/ameri/.pico-sdk/sdk/2.2.0/src/rp2_common/pico_standard_binary_info/standard_binary_info.c.obj
 *fill*         0x1001233b        0x1 
 .rodata.__bi_84
                0x1001233c        0xc CMakeFiles/Audio_Beep_Synth_Single_Core.dir/C_/Users/ameri/.pico-sdk/sdk/2.2.0/src/rp2_common/pico_standard_binary_info/standard_binary_info.c.obj
 .rodata.__bi_78
                0x10012348        0xc CMakeFiles/Audio_Beep_Synth_Single_Core.dir/C_/Users/ameri/.pico-sdk/sdk/2.2.0/src/rp2_common/pico_standard_binary_info/standard_binary_info.c.obj
 .rodata.__bi_54
                0x10012354        0xc CMakeFiles/Audio_Beep_Synth_Single_Core.dir/C_/Users/ameri/.pico-sdk/sdk/2.2.0/src/rp2_common/pico_standard_binary_info/standard_binary_info.c.obj
 .rodata.__bi_48
                0x10012360        0xc CMakeFiles/Audio_Beep_Synth_Single_Core.dir/C_/Users/ameri/.pico-sdk/sdk/2.2.0/src/rp2_common/pico_standard_binary_info/standard_binary_info.c.obj
 .rodata.__bi_42
                0x1001236c        0xc CMakeFiles/Audio_Beep_Synth_Single_Core.dir/C_/Users/ameri/.pico-sdk/sdk/2.2.0/src/rp2_common/pico_standard_binary_info/standard_binary_info.c.obj
 .rodata.__bi_34
                0x10012378        0xc CMakeFiles/Audio_Beep_Synth_Single_Core.dir/C_/Users/ameri/.pico-sdk/sdk/2.2.0/src/rp2_common/pico_standard_binary_info/standard_binary_info.c.obj
 .rodata.__bi_26
                0x10012384        0xc CMakeFiles/Audio_Beep_Synth_Single_Core.dir/C_/Users/ameri/.pico-sdk/sdk/2.2.0/src/rp2_common/pico_standard_binary_info/standard_binary_info.c.obj
 .rodata._ftoa.str1.4
                0x10012390       0x15 CMakeFiles/Audio_Beep_Synth_Single_Core.dir/C_/Users/ameri/.pico-sdk/sdk/2.2.0/src/rp2_common/pico_printf/printf.c.obj
 .rodata._vsnprintf
                0x10012390      0x19c CMakeFiles/Audio_Beep_Synth_Single_Core.dir/C_/Users/ameri/.pico-sdk/sdk/2.2.0/src/rp2_common/pico_printf/printf.c.obj
 *fill*         0x1001252c        0x4 
 .rodata.pow10.0
                0x10012530       0x50 CMakeFiles/Audio_Beep_Synth_Single_Core.dir/C_/Users/ameri/.pico-sdk/sdk/2.2.0/src/rp2_common/pico_printf/printf.c.obj
 .rodata.__assert_func.str1.4
                0x10012580       0x43 CMakeFiles/Audio_Beep_Synth_Single_Core.dir/C_/Users/ameri/.pico-sdk/sdk/2.2.0/src/rp2_common/pico_clib_interface/newlib_interface.c.obj
 .rodata.crlf_str.0
                0x10012580        0x2 CMakeFiles/Audio_Beep_Synth_Single_Core.dir/C_/Users/ameri/.pico-sdk/sdk/2.2.0/src/rp2_common/pico_stdio/stdio.c.obj
 .rodata.str1.4
                0x10012582       0x2c CMakeFiles/Audio_Beep_Synth_Single_Core.dir/C_/Users/ameri/.pico-sdk/sdk/2.2.0/src/rp2_common/pico_stdio_uart/stdio_uart.c.obj
 *fill*         0x10012582        0x2 
 .rodata.__bi_45.4
                0x10012584        0xc CMakeFiles/Audio_Beep_Synth_Single_Core.dir/C_/Users/ameri/.pico-sdk/sdk/2.2.0/src/rp2_common/pico_stdio_uart/stdio_uart.c.obj
 .rodata.__bi_49.5
                0x10012590        0x8 CMakeFiles/Audio_Beep_Synth_Single_Core.dir/C_/Users/ameri/.pico-sdk/sdk/2.2.0/src/rp2_common/pico_stdio_uart/stdio_uart.c.obj
 .rodata.__bi_50.6
                0x10012598        0x8 CMakeFiles/Audio_Beep_Synth_Single_Core.dir/C_/Users/ameri/.pico-sdk/sdk/2.2.0/src/rp2_common/pico_stdio_uart/stdio_uart.c.obj
 .rodata.magic_token
                0x100125a0        0xc CMakeFiles/Audio_Beep_Synth_Single_Core.dir/5e8e4fd0c7bc8e19b3a99ff238acb598/rp2_common/pico_bootsel_via_double_reset/pico_bootsel_via_double_reset.c.obj
 .rodata.str1.4
                0x100125ac       0x18 CMakeFiles/Audio_Beep_Synth_Single_Core.dir/5e8e4fd0c7bc8e19b3a99ff238acb598/rp2_common/pico_bootsel_via_double_reset/pico_bootsel_via_double_reset.c.obj
 .rodata.__bi_50
                0x100125ac        0xc CMakeFiles/Audio_Beep_Synth_Single_Core.dir/5e8e4fd0c7bc8e19b3a99ff238acb598/rp2_common/pico_bootsel_via_double_reset/pico_bootsel_via_double_reset.c.obj
 .rodata.multicore_lockout_end_block_until.str1.4
                0x100125b8       0x75 CMakeFiles/Audio_Beep_Synth_Single_Core.dir/C_/Users/ameri/.pico-sdk/sdk/2.2.0/src/rp2_common/pico_multicore/multicore.c.obj
 .rodata.multicore_launch_core1_with_stack.str1.4
                0x100125b8       0x19 CMakeFiles/Audio_Beep_Synth_Single_Core.dir/C_/Users/ameri/.pico-sdk/sdk/2.2.0/src/rp2_common/pico_multicore/multicore.c.obj
 .rodata.__func__.1
                0x100125b8       0x22 CMakeFiles/Audio_Beep_Synth_Single_Core.dir/C_/Users/ameri/.pico-sdk/sdk/2.2.0/src/rp2_common/pico_multicore/multicore.c.obj
 .rodata.dma_claim_unused_channel.str1.4
                0x100125da       0x1e CMakeFiles/Audio_Beep_Synth_Single_Core.dir/C_/Users/ameri/.pico-sdk/sdk/2.2.0/src/rp2_common/hardware_dma/dma.c.obj
                0x10012630                        . = ALIGN (0x4)
 *fill*         0x100125da        0x2 
 *(SORT_BY_ALIGNMENT(SORT_BY_NAME(.flashdata*)))
                0x100125dc                        . = ALIGN (0x4)

.ARM.extab
 *(.ARM.extab* .gnu.linkonce.armextab.*)
                0x100125dc                        __exidx_start = .

.ARM.exidx
 *(.ARM.exidx* .gnu.linkonce.armexidx.*)
                0x100125dc                        __exidx_end = .
                0x100125dc                        . = ALIGN (0x4)
                0x100125dc                        __binary_info_start = .

.binary_info    0x100125dc       0x2c
 *(.binary_info.keep.*)
 .binary_info.keep.__bi_ptr84
                0x100125dc        0x4 CMakeFiles/Audio_Beep_Synth_Single_Core.dir/C_/Users/ameri/.pico-sdk/sdk/2.2.0/src/rp2_common/pico_standard_binary_info/standard_binary_info.c.obj
 .binary_info.keep.__bi_ptr78
                0x100125e0        0x4 CMakeFiles/Audio_Beep_Synth_Single_Core.dir/C_/Users/ameri/.pico-sdk/sdk/2.2.0/src/rp2_common/pico_standard_binary_info/standard_binary_info.c.obj
 .binary_info.keep.__bi_ptr54
                0x100125e4        0x4 CMakeFiles/Audio_Beep_Synth_Single_Core.dir/C_/Users/ameri/.pico-sdk/sdk/2.2.0/src/rp2_common/pico_standard_binary_info/standard_binary_info.c.obj
 .binary_info.keep.__bi_ptr48
                0x100125e8        0x4 CMakeFiles/Audio_Beep_Synth_Single_Core.dir/C_/Users/ameri/.pico-sdk/sdk/2.2.0/src/rp2_common/pico_standard_binary_info/standard_binary_info.c.obj
 .binary_info.keep.__bi_ptr42
                0x100125ec        0x4 CMakeFiles/Audio_Beep_Synth_Single_Core.dir/C_/Users/ameri/.pico-sdk/sdk/2.2.0/src/rp2_common/pico_standard_binary_info/standard_binary_info.c.obj
 .binary_info.keep.__bi_ptr34
                0x100125f0        0x4 CMakeFiles/Audio_Beep_Synth_Single_Core.dir/C_/Users/ameri/.pico-sdk/sdk/2.2.0/src/rp2_common/pico_standard_binary_info/standard_binary_info.c.obj
 .binary_info.keep.__bi_ptr26
                0x100125f4        0x4 CMakeFiles/Audio_Beep_Synth_Single_Core.dir/C_/Users/ameri/.pico-sdk/sdk/2.2.0/src/rp2_common/pico_standard_binary_info/standard_binary_info.c.obj
 .binary_info.keep.__bi_ptr50
                0x100125f8        0x4 CMakeFiles/Audio_Beep_Synth_Single_Core.dir/5e8e4fd0c7bc8e19b3a99ff238acb598/rp2_common/pico_bootsel_via_double_reset/pico_bootsel_via_double_reset.c.obj
 *(.binary_info.*)
 .binary_info.__bi_ptr50
                0x100125fc        0x4 CMakeFiles/Audio_Beep_Synth_Single_Core.dir/C_/Users/ameri/.pico-sdk/sdk/2.2.0/src/rp2_common/pico_stdio_uart/stdio_uart.c.obj
 .binary_info.__bi_ptr49
                0x10012600        0x4 CMakeFiles/Audio_Beep_Synth_Single_Core.dir/C_/Users/ameri/.pico-sdk/sdk/2.2.0/src/rp2_common/pico_stdio_uart/stdio_uart.c.obj
 .binary_info.__bi_ptr45
                0x10012604        0x4 CMakeFiles/Audio_Beep_Synth_Single_Core.dir/C_/Users/ameri/.pico-sdk/sdk/2.2.0/src/rp2_common/pico_stdio_uart/stdio_uart.c.obj
                0x10012608                        __binary_info_end = .
                0x10012608                        . = ALIGN (0x4)

.ram_vector_table
                0x20000000       0xc0
 *(.ram_vector_table)
 .ram_vector_table
                0x20000000       0xc0 CMakeFiles/Audio_Beep_Synth_Single_Core.dir/C_/Users/ameri/.pico-sdk/sdk/2.2.0/src/rp2_common/pico_runtime_init/runtime_init.c.obj
                0x20000000                ram_vector_table

.uninitialized_data
                0x200000c0        0xc
                0x200000c0                        . = ALIGN (0x4)
 *(.uninitialized_data*)
 .uninitialized_data.magic_location
                0x200000c0        0xc CMakeFiles/Audio_Beep_Synth_Single_Core.dir/5e8e4fd0c7bc8e19b3a99ff238acb598/rp2_common/pico_bootsel_via_double_reset/pico_bootsel_via_double_reset.c.obj

.data           0x200000d0      0x2b8 load address 0x10012608
                0x200000d0                        __data_start__ = .
 *(vtable)
 *(.time_critical*)
 .time_critical.mutex_try_enter
                0x200000d0       0x48 CMakeFiles/Audio_Beep_Synth_Single_Core.dir/C_/Users/ameri/.pico-sdk/sdk/2.2.0/src/common/pico_sync/mutex.c.obj
                0x200000d0                mutex_try_enter
 .time_critical.mutex_enter_block_until
                0x20000118       0x90 CMakeFiles/Audio_Beep_Synth_Single_Core.dir/C_/Users/ameri/.pico-sdk/sdk/2.2.0/src/common/pico_sync/mutex.c.obj
                0x20000118                mutex_enter_block_until
 .time_critical.mutex_try_enter_block_until
                0x200001a8       0x34 CMakeFiles/Audio_Beep_Synth_Single_Core.dir/C_/Users/ameri/.pico-sdk/sdk/2.2.0/src/common/pico_sync/mutex.c.obj
                0x200001a8                mutex_try_enter_block_until
 .time_critical.mutex_exit
                0x200001dc       0x4c CMakeFiles/Audio_Beep_Synth_Single_Core.dir/C_/Users/ameri/.pico-sdk/sdk/2.2.0/src/common/pico_sync/mutex.c.obj
                0x200001dc                mutex_exit
 *(.text*)
 .text          0x20000228        0x4 C:/Users/ameri/.pico-sdk/toolchain/14_2_Rel1/bin/../lib/gcc/arm-none-eabi/14.2.1/thumb/v6-m/nofp\libgcc.a(_dvmd_tls.o)
                0x20000228                __aeabi_idiv0
                0x20000228                __aeabi_ldiv0
 *fill*         0x2000022c        0x4 
 .text.__stub   0x20000230       0x20 linker stubs
                0x20000250                        . = ALIGN (0x4)
 *(.rodata*)
                0x20000250                        . = ALIGN (0x4)
 *(.data*)
 .data.bird_noises
                0x20000250       0x40 CMakeFiles/Audio_Beep_Synth_Single_Core.dir/beep_beep_2.c.obj
                0x20000250                bird_noises
 .data.max_amplitude
                0x20000290        0x4 CMakeFiles/Audio_Beep_Synth_Single_Core.dir/beep_beep_2.c.obj
                0x20000290                max_amplitude
 .data.button   0x20000294        0x4 CMakeFiles/Audio_Beep_Synth_Single_Core.dir/beep_beep_2.c.obj
                0x20000294                button
 .data.scancodes
                0x20000298       0x10 CMakeFiles/Audio_Beep_Synth_Single_Core.dir/beep_beep_2.c.obj
                0x20000298                scancodes
 .data.keycodes
                0x200002a8       0x30 CMakeFiles/Audio_Beep_Synth_Single_Core.dir/beep_beep_2.c.obj
                0x200002a8                keycodes
 .data.striped_spin_lock_num
                0x200002d8        0x1 CMakeFiles/Audio_Beep_Synth_Single_Core.dir/C_/Users/ameri/.pico-sdk/sdk/2.2.0/src/rp2_common/hardware_sync/sync.c.obj
 *fill*         0x200002d9        0x3 
 .data          0x200002dc       0x48 CMakeFiles/Audio_Beep_Synth_Single_Core.dir/C_/Users/ameri/.pico-sdk/sdk/2.2.0/src/rp2_common/hardware_irq/irq_handler_chain.S.obj
                0x200002dc                irq_handler_chain_slots
                0x2000030c                irq_handler_chain_first_slot
                0x20000316                irq_handler_chain_remove_tail
 .data.default_alarm_pool
                0x20000324       0x18 CMakeFiles/Audio_Beep_Synth_Single_Core.dir/C_/Users/ameri/.pico-sdk/sdk/2.2.0/src/common/pico_time/time.c.obj
 *fill*         0x2000033c        0x4 
 .data.aeabi_bits_funcs
                0x20000340       0x10 CMakeFiles/Audio_Beep_Synth_Single_Core.dir/C_/Users/ameri/.pico-sdk/sdk/2.2.0/src/rp2_common/pico_bit_ops/bit_ops_aeabi.S.obj
                0x20000340                aeabi_bits_funcs
                0x20000350                aeabi_bits_funcs_end
 .data.aeabi_mem_funcs
                0x20000350       0x10 CMakeFiles/Audio_Beep_Synth_Single_Core.dir/C_/Users/ameri/.pico-sdk/sdk/2.2.0/src/rp2_common/pico_mem_ops/mem_ops_aeabi.S.obj
                0x20000350                aeabi_mem_funcs
                0x20000360                aeabi_mem_funcs_end
 .data.stdio_uart
                0x20000360       0x18 CMakeFiles/Audio_Beep_Synth_Single_Core.dir/C_/Users/ameri/.pico-sdk/sdk/2.2.0/src/rp2_common/pico_stdio_uart/stdio_uart.c.obj
                0x20000360                stdio_uart
                0x20000378                        . = ALIGN (0x4)
 *(.after_data.*)
                0x20000378                        . = ALIGN (0x4)
                0x20000378                        PROVIDE (__mutex_array_start = .)
 *(SORT_BY_NAME(.mutex_array.*))
 *(.mutex_array)
 .mutex_array   0x20000378        0x8 CMakeFiles/Audio_Beep_Synth_Single_Core.dir/C_/Users/ameri/.pico-sdk/sdk/2.2.0/src/rp2_common/pico_malloc/malloc.c.obj
 .mutex_array   0x20000380        0x8 CMakeFiles/Audio_Beep_Synth_Single_Core.dir/C_/Users/ameri/.pico-sdk/sdk/2.2.0/src/rp2_common/pico_stdio/stdio.c.obj
                0x20000388                        PROVIDE (__mutex_array_end = .)
                0x20000388                        . = ALIGN (0x4)
 *(.jcr)
                0x20000388                        . = ALIGN (0x4)

.tm_clone_table
                0x20000388        0x0 load address 0x100128c0
 .tm_clone_table
                0x20000388        0x0 C:/Users/ameri/.pico-sdk/toolchain/14_2_Rel1/bin/../lib/gcc/arm-none-eabi/14.2.1/thumb/v6-m/nofp/crtbegin.o
 .tm_clone_table
                0x20000388        0x0 C:/Users/ameri/.pico-sdk/toolchain/14_2_Rel1/bin/../lib/gcc/arm-none-eabi/14.2.1/thumb/v6-m/nofp/crtend.o

.igot.plt       0x20000388        0x0 load address 0x100128c0
 .igot.plt      0x20000388        0x0 C:/Users/ameri/.pico-sdk/toolchain/14_2_Rel1/bin/../lib/gcc/arm-none-eabi/14.2.1/thumb/v6-m/nofp/crtbegin.o

.tdata          0x20000388        0x0 load address 0x100128c0
                0x20000388                        . = ALIGN (0x4)
 *(.tdata .tdata.* .gnu.linkonce.td.*)
                0x20000388                        __tdata_end = .
                0x20000388                        PROVIDE (__data_end__ = .)
                0x10012608                        __etext = LOADADDR (.data)

.tbss           0x20000388        0x0 load address 0x100128c0
                0x20000388                        . = ALIGN (0x4)
                0x20000388                        __bss_start__ = .
                0x20000388                        __tls_base = .
 *(.tbss .tbss.* .gnu.linkonce.tb.*)
 *(.tcommon)
                0x20000388                        __tls_end = .

.bss            0x20000388      0x668 load address 0x100128c0
                0x20000388                        . = ALIGN (0x4)
                0x20000388                        __tbss_end = .
 *(SORT_BY_ALIGNMENT(SORT_BY_NAME(.bss*)))
 .bss.default_alarm_pool_entries
                0x20000388      0x180 CMakeFiles/Audio_Beep_Synth_Single_Core.dir/C_/Users/ameri/.pico-sdk/sdk/2.2.0/src/common/pico_time/time.c.obj
 .bss.sched_thread_time
                0x20000508       0x50 CMakeFiles/Audio_Beep_Synth_Single_Core.dir/beep_beep_2.c.obj
                0x20000508                sched_thread_time
 .bss.sched_thread_time1
                0x20000558       0x50 CMakeFiles/Audio_Beep_Synth_Single_Core.dir/beep_beep_2.c.obj
                0x20000558                sched_thread_time1
 .bss.thread_time
                0x200005a8        0x8 CMakeFiles/Audio_Beep_Synth_Single_Core.dir/beep_beep_2.c.obj
                0x200005a8                thread_time
 .bss.thread_time1
                0x200005b0        0x8 CMakeFiles/Audio_Beep_Synth_Single_Core.dir/beep_beep_2.c.obj
                0x200005b0                thread_time1
 .bss.time_thread.4
                0x200005b8        0x8 CMakeFiles/Audio_Beep_Synth_Single_Core.dir/beep_beep_2.c.obj
 .bss.time_thread.7
                0x200005c0        0x8 CMakeFiles/Audio_Beep_Synth_Single_Core.dir/beep_beep_2.c.obj
 .bss.DAC_output_0
                0x200005c8        0x4 CMakeFiles/Audio_Beep_Synth_Single_Core.dir/beep_beep_2.c.obj
                0x200005c8                DAC_output_0
 .bss.STATE_0   0x200005cc        0x4 CMakeFiles/Audio_Beep_Synth_Single_Core.dir/beep_beep_2.c.obj
                0x200005cc                STATE_0
 .bss.attack_inc
                0x200005d0        0x4 CMakeFiles/Audio_Beep_Synth_Single_Core.dir/beep_beep_2.c.obj
                0x200005d0                attack_inc
 .bss.chars_available_callback
                0x200005d4        0x4 CMakeFiles/Audio_Beep_Synth_Single_Core.dir/C_/Users/ameri/.pico-sdk/sdk/2.2.0/src/rp2_common/pico_stdio_uart/stdio_uart.c.obj
 .bss.chars_available_param
                0x200005d8        0x4 CMakeFiles/Audio_Beep_Synth_Single_Core.dir/C_/Users/ameri/.pico-sdk/sdk/2.2.0/src/rp2_common/pico_stdio_uart/stdio_uart.c.obj
 .bss.claimed   0x200005dc        0x1 CMakeFiles/Audio_Beep_Synth_Single_Core.dir/C_/Users/ameri/.pico-sdk/sdk/2.2.0/src/rp2_common/hardware_timer/timer.c.obj
 *fill*         0x200005dd        0x3 
 .bss.configured_freq
                0x200005e0       0x28 CMakeFiles/Audio_Beep_Synth_Single_Core.dir/C_/Users/ameri/.pico-sdk/sdk/2.2.0/src/rp2_common/hardware_clocks/clocks.c.obj
 .bss.count_0   0x20000608        0x4 CMakeFiles/Audio_Beep_Synth_Single_Core.dir/beep_beep_2.c.obj
                0x20000608                count_0
 .bss.current_amplitude_0
                0x2000060c        0x4 CMakeFiles/Audio_Beep_Synth_Single_Core.dir/beep_beep_2.c.obj
                0x2000060c                current_amplitude_0
 .bss.decay_inc
                0x20000610        0x4 CMakeFiles/Audio_Beep_Synth_Single_Core.dir/beep_beep_2.c.obj
                0x20000610                decay_inc
 .bss.dma_chan  0x20000614        0x4 CMakeFiles/Audio_Beep_Synth_Single_Core.dir/beep_beep_2.c.obj
                0x20000614                dma_chan
 .bss.done_recording
                0x20000618        0x4 CMakeFiles/Audio_Beep_Synth_Single_Core.dir/beep_beep_2.c.obj
                0x20000618                done_recording
 .bss.drivers   0x2000061c        0x4 CMakeFiles/Audio_Beep_Synth_Single_Core.dir/C_/Users/ameri/.pico-sdk/sdk/2.2.0/src/rp2_common/pico_stdio/stdio.c.obj
 .bss.filter    0x20000620        0x4 CMakeFiles/Audio_Beep_Synth_Single_Core.dir/C_/Users/ameri/.pico-sdk/sdk/2.2.0/src/rp2_common/pico_stdio/stdio.c.obj
 .bss.i.5       0x20000624        0x4 CMakeFiles/Audio_Beep_Synth_Single_Core.dir/beep_beep_2.c.obj
 .bss.i.6       0x20000628        0x4 CMakeFiles/Audio_Beep_Synth_Single_Core.dir/beep_beep_2.c.obj
 .bss.i.9       0x2000062c        0x4 CMakeFiles/Audio_Beep_Synth_Single_Core.dir/beep_beep_2.c.obj
 .bss.is_recording
                0x20000630        0x4 CMakeFiles/Audio_Beep_Synth_Single_Core.dir/beep_beep_2.c.obj
                0x20000630                is_recording
 .bss.keypad.8  0x20000634        0x4 CMakeFiles/Audio_Beep_Synth_Single_Core.dir/beep_beep_2.c.obj
 .bss.make_beep
                0x20000638        0x4 CMakeFiles/Audio_Beep_Synth_Single_Core.dir/beep_beep_2.c.obj
                0x20000638                make_beep
 .bss.noise_idx
                0x2000063c        0x4 CMakeFiles/Audio_Beep_Synth_Single_Core.dir/beep_beep_2.c.obj
                0x2000063c                noise_idx
 .bss.object.0  0x20000640       0x18 C:/Users/ameri/.pico-sdk/toolchain/14_2_Rel1/bin/../lib/gcc/arm-none-eabi/14.2.1/thumb/v6-m/nofp/crtbegin.o
 .bss.phase_accum_main_0
                0x20000658        0x4 CMakeFiles/Audio_Beep_Synth_Single_Core.dir/beep_beep_2.c.obj
                0x20000658                phase_accum_main_0
 .bss.phase_incr_main_0
                0x2000065c        0x4 CMakeFiles/Audio_Beep_Synth_Single_Core.dir/beep_beep_2.c.obj
                0x2000065c                phase_incr_main_0
 .bss.pools     0x20000660       0x10 CMakeFiles/Audio_Beep_Synth_Single_Core.dir/C_/Users/ameri/.pico-sdk/sdk/2.2.0/src/common/pico_time/time.c.obj
 .bss.possible  0x20000670        0x4 CMakeFiles/Audio_Beep_Synth_Single_Core.dir/beep_beep_2.c.obj
                0x20000670                possible
 .bss.pt_executed
                0x20000674        0x4 CMakeFiles/Audio_Beep_Synth_Single_Core.dir/beep_beep_2.c.obj
                0x20000674                pt_executed
 .bss.pt_executed1
                0x20000678        0x4 CMakeFiles/Audio_Beep_Synth_Single_Core.dir/beep_beep_2.c.obj
                0x20000678                pt_executed1
 .bss.pt_sched  0x2000067c        0x4 CMakeFiles/Audio_Beep_Synth_Single_Core.dir/beep_beep_2.c.obj
 .bss.pt_sched1
                0x20000680        0x4 CMakeFiles/Audio_Beep_Synth_Single_Core.dir/beep_beep_2.c.obj
 .bss.pt_sched_method
                0x20000684        0x4 CMakeFiles/Audio_Beep_Synth_Single_Core.dir/beep_beep_2.c.obj
                0x20000684                pt_sched_method
 .bss.pt_task_count
                0x20000688        0x4 CMakeFiles/Audio_Beep_Synth_Single_Core.dir/beep_beep_2.c.obj
                0x20000688                pt_task_count
 .bss.pt_task_count1
                0x2000068c        0x4 CMakeFiles/Audio_Beep_Synth_Single_Core.dir/beep_beep_2.c.obj
                0x2000068c                pt_task_count1
 .bss.pt_thread_list
                0x20000690       0x78 CMakeFiles/Audio_Beep_Synth_Single_Core.dir/beep_beep_2.c.obj
 .bss.pt_thread_list1
                0x20000708       0x78 CMakeFiles/Audio_Beep_Synth_Single_Core.dir/beep_beep_2.c.obj
 .bss.sched_count
                0x20000780        0x4 CMakeFiles/Audio_Beep_Synth_Single_Core.dir/beep_beep_2.c.obj
                0x20000780                sched_count
 .bss.sched_count1
                0x20000784        0x4 CMakeFiles/Audio_Beep_Synth_Single_Core.dir/beep_beep_2.c.obj
                0x20000784                sched_count1
 .bss.sched_thread_stats
                0x20000788       0x28 CMakeFiles/Audio_Beep_Synth_Single_Core.dir/beep_beep_2.c.obj
                0x20000788                sched_thread_stats
 .bss.sched_thread_stats1
                0x200007b0       0x28 CMakeFiles/Audio_Beep_Synth_Single_Core.dir/beep_beep_2.c.obj
                0x200007b0                sched_thread_stats1
 .bss.sd_table  0x200007d8      0x100 CMakeFiles/Audio_Beep_Synth_Single_Core.dir/C_/Users/ameri/.pico-sdk/sdk/2.2.0/src/rp2_common/pico_double/double_init_rom_rp2040.c.obj
                0x200007d8                sd_table
 .bss.sf_clz_func
                0x200008d8        0x4 CMakeFiles/Audio_Beep_Synth_Single_Core.dir/C_/Users/ameri/.pico-sdk/sdk/2.2.0/src/rp2_common/pico_double/double_init_rom_rp2040.c.obj
                0x200008d8                sf_clz_func
 .bss.sf_table  0x200008dc      0x100 CMakeFiles/Audio_Beep_Synth_Single_Core.dir/C_/Users/ameri/.pico-sdk/sdk/2.2.0/src/rp2_common/pico_float/float_init_rom_rp2040.c.obj
                0x200008dc                sf_table
 .bss.sleep_notifier
                0x200009dc        0x4 CMakeFiles/Audio_Beep_Synth_Single_Core.dir/C_/Users/ameri/.pico-sdk/sdk/2.2.0/src/common/pico_time/time.c.obj
 .bss.uart_char_to_line_feed
                0x200009e0        0x4 CMakeFiles/Audio_Beep_Synth_Single_Core.dir/C_/Users/ameri/.pico-sdk/sdk/2.2.0/src/rp2_common/hardware_uart/uart.c.obj
                0x200009e0                uart_char_to_line_feed
 .bss.uart_instance
                0x200009e4        0x4 CMakeFiles/Audio_Beep_Synth_Single_Core.dir/C_/Users/ameri/.pico-sdk/sdk/2.2.0/src/rp2_common/pico_stdio_uart/stdio_uart.c.obj
 .bss.DAC_data_0
                0x200009e8        0x2 CMakeFiles/Audio_Beep_Synth_Single_Core.dir/beep_beep_2.c.obj
                0x200009e8                DAC_data_0
 .bss._claimed  0x200009ea        0x2 CMakeFiles/Audio_Beep_Synth_Single_Core.dir/C_/Users/ameri/.pico-sdk/sdk/2.2.0/src/rp2_common/hardware_dma/dma.c.obj
 .bss.dma_buffer
                0x200009ec        0x2 CMakeFiles/Audio_Beep_Synth_Single_Core.dir/beep_beep_2.c.obj
                0x200009ec                dma_buffer
 .bss.irq_handler_chain_free_slot_head
                0x200009ee        0x1 CMakeFiles/Audio_Beep_Synth_Single_Core.dir/C_/Users/ameri/.pico-sdk/sdk/2.2.0/src/rp2_common/hardware_irq/irq.c.obj
 *(COMMON)
                0x200009f0                        . = ALIGN (0x4)
 *fill*         0x200009ef        0x1 
                0x200009f0                        __bss_end__ = .

.heap           0x200009f0      0x800 load address 0x100128c0
                0x200009f0                        __end__ = .
                0x200009f0                        end = __end__
 *(.heap*)
 .heap          0x200009f0      0x800 CMakeFiles/Audio_Beep_Synth_Single_Core.dir/C_/Users/ameri/.pico-sdk/sdk/2.2.0/src/rp2_common/pico_crt0/crt0.S.obj
                0x20040000                        __HeapLimit = (ORIGIN (RAM) + LENGTH (RAM))

.scratch_x      0x20040000        0x0 load address 0x100128c0
                0x20040000                        __scratch_x_start__ = .
 *(.scratch_x.*)
                0x20040000                        . = ALIGN (0x4)
                0x20040000                        __scratch_x_end__ = .
                0x100128c0                        __scratch_x_source__ = LOADADDR (.scratch_x)

.scratch_y      0x20041000        0x0 load address 0x100128c0
                0x20041000                        __scratch_y_start__ = .
 *(.scratch_y.*)
                0x20041000                        . = ALIGN (0x4)
                0x20041000                        __scratch_y_end__ = .
                0x100128c0                        __scratch_y_source__ = LOADADDR (.scratch_y)

.stack1_dummy   0x20040000      0x800
 *(.stack1*)
 .stack1        0x20040000      0x800 CMakeFiles/Audio_Beep_Synth_Single_Core.dir/C_/Users/ameri/.pico-sdk/sdk/2.2.0/src/rp2_common/pico_multicore/multicore.c.obj

.stack_dummy    0x20041000      0x800
 *(.stack*)
 .stack         0x20041000      0x800 CMakeFiles/Audio_Beep_Synth_Single_Core.dir/C_/Users/ameri/.pico-sdk/sdk/2.2.0/src/rp2_common/pico_crt0/crt0.S.obj

.rel.dyn        0x20041800        0x0
 .rel.iplt      0x20041800        0x0 C:/Users/ameri/.pico-sdk/toolchain/14_2_Rel1/bin/../lib/gcc/arm-none-eabi/14.2.1/thumb/v6-m/nofp/crtbegin.o

.flash_end      0x100128c0        0x0
 *(.embedded_end_block*)
                0x100128c0                        PROVIDE (__flash_binary_end = .)
                0x20040000                        __StackLimit = (ORIGIN (RAM) + LENGTH (RAM))
                0x20041000                        __StackOneTop = (ORIGIN (SCRATCH_X) + LENGTH (SCRATCH_X))
                0x20042000                        __StackTop = (ORIGIN (SCRATCH_Y) + LENGTH (SCRATCH_Y))
                0x20040800                        __StackOneBottom = (__StackOneTop - SIZEOF (.stack1_dummy))
                0x20041800                        __StackBottom = (__StackTop - SIZEOF (.stack_dummy))
                0x20042000                        PROVIDE (__stack = __StackTop)
                [!provide]                        PROVIDE (__heap_start = __end__)
                [!provide]                        PROVIDE (__heap_end = __HeapLimit)
                [!provide]                        PROVIDE (__tls_align = MAX (ALIGNOF (.tdata), ALIGNOF (.tbss)))
                [!provide]                        PROVIDE (__tls_size_align = (((__tls_size + __tls_align) - 0x1) & ~ ((__tls_align - 0x1))))
                [!provide]                        PROVIDE (__arm32_tls_tcb_offset = MAX (0x8, __tls_align))
                [!provide]                        PROVIDE (_end = __end__)
                [!provide]                        PROVIDE (__llvm_libc_heap_limit = __HeapLimit)
                0x00000001                        ASSERT ((__StackLimit >= __HeapLimit), region RAM overflowed)
                0x00000001                        ASSERT (((__binary_info_header_end - __logical_binary_start) <= 0x100), Binary info must be in first 256 bytes of the binary)
LOAD CMakeFiles/Audio_Beep_Synth_Single_Core.dir/beep_beep_2.c.obj
LOAD CMakeFiles/Audio_Beep_Synth_Single_Core.dir/C_/Users/ameri/.pico-sdk/sdk/2.2.0/src/rp2_common/pico_stdlib/stdlib.c.obj
LOAD CMakeFiles/Audio_Beep_Synth_Single_Core.dir/C_/Users/ameri/.pico-sdk/sdk/2.2.0/src/rp2_common/hardware_gpio/gpio.c.obj
LOAD CMakeFiles/Audio_Beep_Synth_Single_Core.dir/C_/Users/ameri/.pico-sdk/sdk/2.2.0/src/rp2040/pico_platform/platform.c.obj
LOAD CMakeFiles/Audio_Beep_Synth_Single_Core.dir/C_/Users/ameri/.pico-sdk/sdk/2.2.0/src/rp2_common/pico_platform_common/common.c.obj
LOAD CMakeFiles/Audio_Beep_Synth_Single_Core.dir/C_/Users/ameri/.pico-sdk/sdk/2.2.0/src/rp2_common/pico_platform_panic/panic.c.obj
LOAD CMakeFiles/Audio_Beep_Synth_Single_Core.dir/C_/Users/ameri/.pico-sdk/sdk/2.2.0/src/common/hardware_claim/claim.c.obj
LOAD CMakeFiles/Audio_Beep_Synth_Single_Core.dir/C_/Users/ameri/.pico-sdk/sdk/2.2.0/src/rp2_common/hardware_sync/sync.c.obj
LOAD CMakeFiles/Audio_Beep_Synth_Single_Core.dir/C_/Users/ameri/.pico-sdk/sdk/2.2.0/src/rp2_common/hardware_sync_spin_lock/sync_spin_lock.c.obj
LOAD CMakeFiles/Audio_Beep_Synth_Single_Core.dir/C_/Users/ameri/.pico-sdk/sdk/2.2.0/src/rp2_common/hardware_irq/irq.c.obj
LOAD CMakeFiles/Audio_Beep_Synth_Single_Core.dir/C_/Users/ameri/.pico-sdk/sdk/2.2.0/src/rp2_common/hardware_irq/irq_handler_chain.S.obj
LOAD CMakeFiles/Audio_Beep_Synth_Single_Core.dir/C_/Users/ameri/.pico-sdk/sdk/2.2.0/src/common/pico_sync/sem.c.obj
LOAD CMakeFiles/Audio_Beep_Synth_Single_Core.dir/C_/Users/ameri/.pico-sdk/sdk/2.2.0/src/common/pico_sync/lock_core.c.obj
LOAD CMakeFiles/Audio_Beep_Synth_Single_Core.dir/C_/Users/ameri/.pico-sdk/sdk/2.2.0/src/common/pico_sync/mutex.c.obj
LOAD CMakeFiles/Audio_Beep_Synth_Single_Core.dir/C_/Users/ameri/.pico-sdk/sdk/2.2.0/src/common/pico_sync/critical_section.c.obj
LOAD CMakeFiles/Audio_Beep_Synth_Single_Core.dir/C_/Users/ameri/.pico-sdk/sdk/2.2.0/src/common/pico_time/time.c.obj
LOAD CMakeFiles/Audio_Beep_Synth_Single_Core.dir/C_/Users/ameri/.pico-sdk/sdk/2.2.0/src/common/pico_time/timeout_helper.c.obj
LOAD CMakeFiles/Audio_Beep_Synth_Single_Core.dir/C_/Users/ameri/.pico-sdk/sdk/2.2.0/src/rp2_common/hardware_timer/timer.c.obj
LOAD CMakeFiles/Audio_Beep_Synth_Single_Core.dir/C_/Users/ameri/.pico-sdk/sdk/2.2.0/src/common/pico_util/datetime.c.obj
LOAD CMakeFiles/Audio_Beep_Synth_Single_Core.dir/C_/Users/ameri/.pico-sdk/sdk/2.2.0/src/common/pico_util/pheap.c.obj
LOAD CMakeFiles/Audio_Beep_Synth_Single_Core.dir/C_/Users/ameri/.pico-sdk/sdk/2.2.0/src/common/pico_util/queue.c.obj
LOAD CMakeFiles/Audio_Beep_Synth_Single_Core.dir/C_/Users/ameri/.pico-sdk/sdk/2.2.0/src/rp2_common/hardware_uart/uart.c.obj
LOAD CMakeFiles/Audio_Beep_Synth_Single_Core.dir/C_/Users/ameri/.pico-sdk/sdk/2.2.0/src/rp2_common/hardware_clocks/clocks.c.obj
LOAD CMakeFiles/Audio_Beep_Synth_Single_Core.dir/C_/Users/ameri/.pico-sdk/sdk/2.2.0/src/rp2_common/hardware_pll/pll.c.obj
LOAD CMakeFiles/Audio_Beep_Synth_Single_Core.dir/C_/Users/ameri/.pico-sdk/sdk/2.2.0/src/rp2_common/hardware_vreg/vreg.c.obj
LOAD CMakeFiles/Audio_Beep_Synth_Single_Core.dir/C_/Users/ameri/.pico-sdk/sdk/2.2.0/src/rp2_common/hardware_watchdog/watchdog.c.obj
LOAD CMakeFiles/Audio_Beep_Synth_Single_Core.dir/C_/Users/ameri/.pico-sdk/sdk/2.2.0/src/rp2_common/hardware_ticks/ticks.c.obj
LOAD CMakeFiles/Audio_Beep_Synth_Single_Core.dir/C_/Users/ameri/.pico-sdk/sdk/2.2.0/src/rp2_common/pico_bootrom/bootrom.c.obj
LOAD CMakeFiles/Audio_Beep_Synth_Single_Core.dir/C_/Users/ameri/.pico-sdk/sdk/2.2.0/src/rp2_common/pico_bootrom/bootrom_lock.c.obj
LOAD CMakeFiles/Audio_Beep_Synth_Single_Core.dir/C_/Users/ameri/.pico-sdk/sdk/2.2.0/src/rp2_common/hardware_boot_lock/boot_lock.c.obj
LOAD CMakeFiles/Audio_Beep_Synth_Single_Core.dir/C_/Users/ameri/.pico-sdk/sdk/2.2.0/src/rp2_common/pico_flash/flash.c.obj
LOAD CMakeFiles/Audio_Beep_Synth_Single_Core.dir/C_/Users/ameri/.pico-sdk/sdk/2.2.0/src/rp2_common/hardware_xosc/xosc.c.obj
LOAD CMakeFiles/Audio_Beep_Synth_Single_Core.dir/C_/Users/ameri/.pico-sdk/sdk/2.2.0/src/rp2_common/hardware_divider/divider.S.obj
LOAD CMakeFiles/Audio_Beep_Synth_Single_Core.dir/C_/Users/ameri/.pico-sdk/sdk/2.2.0/src/rp2_common/pico_runtime/runtime.c.obj
LOAD CMakeFiles/Audio_Beep_Synth_Single_Core.dir/C_/Users/ameri/.pico-sdk/sdk/2.2.0/src/rp2_common/pico_runtime_init/runtime_init.c.obj
LOAD CMakeFiles/Audio_Beep_Synth_Single_Core.dir/C_/Users/ameri/.pico-sdk/sdk/2.2.0/src/rp2_common/pico_runtime_init/runtime_init_clocks.c.obj
LOAD CMakeFiles/Audio_Beep_Synth_Single_Core.dir/C_/Users/ameri/.pico-sdk/sdk/2.2.0/src/rp2_common/pico_runtime_init/runtime_init_stack_guard.c.obj
LOAD CMakeFiles/Audio_Beep_Synth_Single_Core.dir/C_/Users/ameri/.pico-sdk/sdk/2.2.0/src/rp2_common/pico_bit_ops/bit_ops_aeabi.S.obj
LOAD CMakeFiles/Audio_Beep_Synth_Single_Core.dir/C_/Users/ameri/.pico-sdk/sdk/2.2.0/src/rp2_common/pico_divider/divider_hardware.S.obj
LOAD CMakeFiles/Audio_Beep_Synth_Single_Core.dir/C_/Users/ameri/.pico-sdk/sdk/2.2.0/src/rp2_common/pico_double/double_aeabi_rp2040.S.obj
LOAD CMakeFiles/Audio_Beep_Synth_Single_Core.dir/C_/Users/ameri/.pico-sdk/sdk/2.2.0/src/rp2_common/pico_double/double_init_rom_rp2040.c.obj
LOAD CMakeFiles/Audio_Beep_Synth_Single_Core.dir/C_/Users/ameri/.pico-sdk/sdk/2.2.0/src/rp2_common/pico_double/double_math.c.obj
LOAD CMakeFiles/Audio_Beep_Synth_Single_Core.dir/C_/Users/ameri/.pico-sdk/sdk/2.2.0/src/rp2_common/pico_double/double_v1_rom_shim_rp2040.S.obj
LOAD CMakeFiles/Audio_Beep_Synth_Single_Core.dir/C_/Users/ameri/.pico-sdk/sdk/2.2.0/src/rp2_common/pico_int64_ops/pico_int64_ops_aeabi.S.obj
LOAD CMakeFiles/Audio_Beep_Synth_Single_Core.dir/C_/Users/ameri/.pico-sdk/sdk/2.2.0/src/rp2_common/pico_float/float_aeabi_rp2040.S.obj
LOAD CMakeFiles/Audio_Beep_Synth_Single_Core.dir/C_/Users/ameri/.pico-sdk/sdk/2.2.0/src/rp2_common/pico_float/float_init_rom_rp2040.c.obj
LOAD CMakeFiles/Audio_Beep_Synth_Single_Core.dir/C_/Users/ameri/.pico-sdk/sdk/2.2.0/src/rp2_common/pico_float/float_math.c.obj
LOAD CMakeFiles/Audio_Beep_Synth_Single_Core.dir/C_/Users/ameri/.pico-sdk/sdk/2.2.0/src/rp2_common/pico_float/float_v1_rom_shim_rp2040.S.obj
LOAD CMakeFiles/Audio_Beep_Synth_Single_Core.dir/C_/Users/ameri/.pico-sdk/sdk/2.2.0/src/rp2_common/pico_malloc/malloc.c.obj